Archive member included to satisfy reference by file (symbol)

libee.a(ee_hal_structs.o)     obj/code.o (EE_IRQ_nesting_level)
libee.a(ee_utils.o)           obj/code.o (EE_system_init)
libee.a(ee_gnu_change_context_isr.o)
                              obj/code.o (EE_switch_context)
libee.a(ee_irqendin.o)        libee.a(ee_gnu_change_context_isr.o) (EE_IRQ_end_instance)
libee.a(ee_tstub.o)           obj/eecfg.o (EE_oo_thread_stub)
libee.a(ee_lookup.o)          libee.a(ee_irqendin.o) (EE_oo_IRQ_disable_count)
libee.a(ee_rq_exchg.o)        libee.a(ee_irqendin.o) (EE_rq2stk_exchange)
libee.a(ee_alsetrel.o)        obj/code.o (EE_oo_SetRelAlarm)
libee.a(ee_altick.o)          libee.a(ee_alsetrel.o) (EE_oo_counter_object_insert)
libee.a(ee_context.o)         libee.a(ee_gnu_change_context_isr.o) (EE_cortex_mx_change_context)
libee.a(ee_gnu_oo.o)          libee.a(ee_tstub.o) (EE_hal_terminate_savestk)
libee.a(ee_tnterm.o)          libee.a(ee_gnu_oo.o) (EE_thread_not_terminated)
libee.a(ee_rq_inser.o)        libee.a(ee_altick.o) (EE_rq_insert)
libee.a(ee_context.o)         libee.a(ee_context.o) (EE_std_run_task_code)
libee.a(ee_thendin.o)         libee.a(ee_context.o) (EE_thread_end_instance)
libstm32f4discovery.a(stm32f4_discovery_lcd.o)
                              obj/Lib/WidgetConfig.o (Font32x48)
libstm32f4xxspd.a(stm32f4xx_dma.o)
                              obj/Lib/STMPE811QTR.o (DMA_DeInit)
libstm32f4xxspd.a(stm32f4xx_fsmc.o)
                              libstm32f4discovery.a(stm32f4_discovery_lcd.o) (FSMC_NORSRAMDeInit)
libstm32f4xxspd.a(stm32f4xx_gpio.o)
                              obj/Lib/STMPE811QTR.o (GPIO_Init)
libstm32f4xxspd.a(stm32f4xx_i2c.o)
                              obj/Lib/STMPE811QTR.o (I2C_Init)
libstm32f4xxspd.a(stm32f4xx_rcc.o)
                              libstm32f4xxspd.a(stm32f4xx_i2c.o) (RCC_GetClocksFreq)
/usr/local/Cellar/gcc-arm-none-eabi/20160928/bin/../lib/gcc/arm-none-eabi/5.4.1/armv7e-m/libgcc.a(_arm_addsubdf3.o)
                              libstm32f4discovery.a(stm32f4_discovery_lcd.o) (__aeabi_ui2d)
/usr/local/Cellar/gcc-arm-none-eabi/20160928/bin/../lib/gcc/arm-none-eabi/5.4.1/armv7e-m/libgcc.a(_arm_muldivdf3.o)
                              obj/Lib/Touch.o (__aeabi_ddiv)
/usr/local/Cellar/gcc-arm-none-eabi/20160928/bin/../lib/gcc/arm-none-eabi/5.4.1/armv7e-m/libgcc.a(_arm_cmpdf2.o)
                              libstm32f4discovery.a(stm32f4_discovery_lcd.o) (__aeabi_dcmplt)
/usr/local/Cellar/gcc-arm-none-eabi/20160928/bin/../lib/gcc/arm-none-eabi/5.4.1/armv7e-m/libgcc.a(_arm_fixdfsi.o)
                              obj/Lib/Touch.o (__aeabi_d2iz)
/usr/local/Cellar/gcc-arm-none-eabi/20160928/bin/../lib/gcc/arm-none-eabi/5.4.1/armv7e-m/libgcc.a(_arm_addsubsf3.o)
                              obj/Lib/Touch.o (__aeabi_fsub)
/usr/local/Cellar/gcc-arm-none-eabi/20160928/bin/../lib/gcc/arm-none-eabi/5.4.1/armv7e-m/libgcc.a(_arm_muldivsf3.o)
                              obj/Lib/Touch.o (__aeabi_fmul)
/usr/local/Cellar/gcc-arm-none-eabi/20160928/bin/../lib/gcc/arm-none-eabi/5.4.1/armv7e-m/libgcc.a(_arm_fixsfsi.o)
                              obj/Lib/Touch.o (__aeabi_f2iz)
/usr/local/Cellar/gcc-arm-none-eabi/20160928/bin/../lib/gcc/arm-none-eabi/5.4.1/armv7e-m/libgcc.a(_arm_fixunssfsi.o)
                              obj/Lib/Touch.o (__aeabi_f2uiz)
/usr/local/Cellar/gcc-arm-none-eabi/20160928/bin/../lib/gcc/arm-none-eabi/5.4.1/../../../../arm-none-eabi/lib/armv7e-m/libc.a(lib_a-exit.o)
                              /usr/local/Cellar/gcc-arm-none-eabi/20160928/bin/../lib/gcc/arm-none-eabi/5.4.1/../../../../arm-none-eabi/lib/armv7e-m/crt0.o (exit)
/usr/local/Cellar/gcc-arm-none-eabi/20160928/bin/../lib/gcc/arm-none-eabi/5.4.1/../../../../arm-none-eabi/lib/armv7e-m/libc.a(lib_a-impure.o)
                              /usr/local/Cellar/gcc-arm-none-eabi/20160928/bin/../lib/gcc/arm-none-eabi/5.4.1/../../../../arm-none-eabi/lib/armv7e-m/libc.a(lib_a-exit.o) (_global_impure_ptr)
/usr/local/Cellar/gcc-arm-none-eabi/20160928/bin/../lib/gcc/arm-none-eabi/5.4.1/../../../../arm-none-eabi/lib/armv7e-m/libc.a(lib_a-init.o)
                              /usr/local/Cellar/gcc-arm-none-eabi/20160928/bin/../lib/gcc/arm-none-eabi/5.4.1/../../../../arm-none-eabi/lib/armv7e-m/crt0.o (__libc_init_array)
/usr/local/Cellar/gcc-arm-none-eabi/20160928/bin/../lib/gcc/arm-none-eabi/5.4.1/../../../../arm-none-eabi/lib/armv7e-m/libc.a(lib_a-memset.o)
                              /usr/local/Cellar/gcc-arm-none-eabi/20160928/bin/../lib/gcc/arm-none-eabi/5.4.1/../../../../arm-none-eabi/lib/armv7e-m/crt0.o (memset)
/usr/local/Cellar/gcc-arm-none-eabi/20160928/bin/../lib/gcc/arm-none-eabi/5.4.1/../../../../arm-none-eabi/lib/armv7e-m/libc.a(lib_a-__call_atexit.o)
                              /usr/local/Cellar/gcc-arm-none-eabi/20160928/bin/../lib/gcc/arm-none-eabi/5.4.1/../../../../arm-none-eabi/lib/armv7e-m/libc.a(lib_a-exit.o) (__call_exitprocs)
/usr/local/Cellar/gcc-arm-none-eabi/20160928/bin/../lib/gcc/arm-none-eabi/5.4.1/../../../../arm-none-eabi/lib/armv7e-m/libc.a(lib_a-atexit.o)
                              /usr/local/Cellar/gcc-arm-none-eabi/20160928/bin/../lib/gcc/arm-none-eabi/5.4.1/../../../../arm-none-eabi/lib/armv7e-m/libc.a(lib_a-__call_atexit.o) (atexit)
/usr/local/Cellar/gcc-arm-none-eabi/20160928/bin/../lib/gcc/arm-none-eabi/5.4.1/../../../../arm-none-eabi/lib/armv7e-m/libc.a(lib_a-fini.o)
                              /usr/local/Cellar/gcc-arm-none-eabi/20160928/bin/../lib/gcc/arm-none-eabi/5.4.1/../../../../arm-none-eabi/lib/armv7e-m/libc.a(lib_a-__call_atexit.o) (__libc_fini_array)
/usr/local/Cellar/gcc-arm-none-eabi/20160928/bin/../lib/gcc/arm-none-eabi/5.4.1/../../../../arm-none-eabi/lib/armv7e-m/libc.a(lib_a-__atexit.o)
                              /usr/local/Cellar/gcc-arm-none-eabi/20160928/bin/../lib/gcc/arm-none-eabi/5.4.1/../../../../arm-none-eabi/lib/armv7e-m/libc.a(lib_a-atexit.o) (__register_exitproc)

Allocating common symbols
Common symbol       size              file

hblink              0x1               obj/code.o
EE_oo_IRQ_disable_count
                    0x4               libee.a(ee_lookup.o)
dwork               0x18              obj/code.o
EE_terminate_data   0x8               obj/eecfg.o
touch_points        0x14              obj/Lib/Touch.o
EE_oo_counter_object_RAM
                    0x20              obj/eecfg.o
Subsystem_M         0x8               obj/code.o
evts                0x1               obj/Lib/Event.o
alarmactive         0x1               obj/code.o
button              0x6               obj/code.o
ringalarm           0x1               obj/code.o
mblink              0x1               obj/code.o
EE_IRQ_nesting_level
                    0x4               libee.a(ee_hal_structs.o)
EE_ApplicationMode  0x4               obj/eecfg.o
tick                0x1               obj/code.o
prevZCSigState      0x7               obj/code.o
EE_std_endcycle_next_tid
                    0x4               libee.a(ee_hal_structs.o)
TS_State            0x8               obj/Lib/STMPE811QTR.o
tcs                 0xc               obj/Lib/Touch.o
EE_oo_IRQ_suspend_status
                    0x4               libee.a(ee_lookup.o)

Memory Configuration

Name             Origin             Length             Attributes
FLASH            0x0000000008000000 0x0000000000100000 xr
RAM              0x0000000020000000 0x0000000000020000 xrw
CCM              0x0000000010000000 0x0000000000010000 xrw
MEMORY_B1        0x0000000060000000 0x0000000000000000 xr
*default*        0x0000000000000000 0xffffffffffffffff

Linker script and memory map

LOAD /usr/local/Cellar/gcc-arm-none-eabi/20160928/bin/../lib/gcc/arm-none-eabi/5.4.1/armv7e-m/crti.o
LOAD /usr/local/Cellar/gcc-arm-none-eabi/20160928/bin/../lib/gcc/arm-none-eabi/5.4.1/armv7e-m/crtbegin.o
LOAD /usr/local/Cellar/gcc-arm-none-eabi/20160928/bin/../lib/gcc/arm-none-eabi/5.4.1/../../../../arm-none-eabi/lib/armv7e-m/crt0.o
LOAD obj/Assets/pictures.o
LOAD obj/GUI_manager.o
LOAD obj/Lib/Event.o
LOAD obj/Lib/STMPE811QTR.o
LOAD obj/Lib/Touch.o
LOAD obj/Lib/Widget.o
LOAD obj/Lib/WidgetConfig.o
LOAD obj/Simulink/Subsystem.o
LOAD obj/code.o
LOAD obj/eecfg.o
LOAD obj/pkg/mcu/st_stm32_stm32f4xx/src/startup_stm32f4xx_gnu.o
LOAD obj/pkg/mcu/st_stm32_stm32f4xx/src/system_stm32f4xx.o
LOAD libee.a
LOAD libstm32f4discovery.a
LOAD libstm32f4xxspd.a
START GROUP
LOAD /usr/local/Cellar/gcc-arm-none-eabi/20160928/bin/../lib/gcc/arm-none-eabi/5.4.1/armv7e-m/libgcc.a
LOAD /usr/local/Cellar/gcc-arm-none-eabi/20160928/bin/../lib/gcc/arm-none-eabi/5.4.1/../../../../arm-none-eabi/lib/armv7e-m/libc.a
LOAD /usr/local/Cellar/gcc-arm-none-eabi/20160928/bin/../lib/gcc/arm-none-eabi/5.4.1/../../../../arm-none-eabi/lib/armv7e-m/libm.a
LOAD /usr/local/Cellar/gcc-arm-none-eabi/20160928/bin/../lib/gcc/arm-none-eabi/5.4.1/../../../../arm-none-eabi/lib/armv7e-m/libnosys.a
END GROUP

.text           0x0000000008000000    0x3f36c
 *(.isr_vector)
 .isr_vector    0x0000000008000000      0x188 obj/pkg/mcu/st_stm32_stm32f4xx/src/startup_stm32f4xx_gnu.o
                0x0000000008000000                __isr_vector
 *(.text*)
 .text          0x0000000008000188        0x0 /usr/local/Cellar/gcc-arm-none-eabi/20160928/bin/../lib/gcc/arm-none-eabi/5.4.1/armv7e-m/crti.o
 .text          0x0000000008000188       0x5c /usr/local/Cellar/gcc-arm-none-eabi/20160928/bin/../lib/gcc/arm-none-eabi/5.4.1/armv7e-m/crtbegin.o
 .text          0x00000000080001e4       0x74 /usr/local/Cellar/gcc-arm-none-eabi/20160928/bin/../lib/gcc/arm-none-eabi/5.4.1/../../../../arm-none-eabi/lib/armv7e-m/crt0.o
                0x00000000080001e4                _mainCRTStartup
                0x00000000080001e4                _start
 .text          0x0000000008000258        0x0 obj/Assets/pictures.o
 .text          0x0000000008000258      0x524 obj/GUI_manager.o
                0x0000000008000258                init_interface
                0x0000000008000288                update_mode
                0x000000000800037c                update_interface
                0x0000000008000400                seconds_text_clear
                0x0000000008000434                tenths_text_clear
                0x0000000008000450                seconds_text_draw
                0x00000000080004a4                tenths_text_draw
                0x00000000080004e4                update_hours_text
                0x0000000008000530                update_minutes_text
                0x000000000800057c                update_seconds_text
                0x00000000080005d8                update_tenths_text
                0x0000000008000630                text_blink
                0x0000000008000688                alarmicon_manage
                0x00000000080006dc                strencode2digit
                0x0000000008000738                strencode1digit
 .text          0x000000000800077c        0x0 obj/Lib/Event.o
 .text          0x000000000800077c      0xe28 obj/Lib/STMPE811QTR.o
                0x000000000800077c                IOE_Config
                0x00000000080007b4                IOE_ITConfig
                0x00000000080007f8                IOE_TS_GetState
                0x00000000080008cc                IOE_GetGITStatus
                0x000000000800090c                IOE_ClearGITPending
                0x0000000008000934                IOE_GetIOITStatus
                0x0000000008000970                IOE_IsOperational
                0x00000000080009ac                IOE_Reset
                0x00000000080009e0                IOE_ReadID
                0x0000000008000a20                IOE_FnctCmd
                0x0000000008000a7c                IOE_IOPinConfig
                0x0000000008000ad8                IOE_GITCmd
                0x0000000008000b24                IOE_GITConfig
                0x0000000008000b80                IOE_IOITConfig
                0x0000000008000bdc                IOE_TS_Config
                0x0000000008000cdc                IOE_IOAFConfig
                0x0000000008000d38                IOE_IOEdgeConfig
                0x0000000008000dd8                IOE_ITOutConfig
                0x0000000008000e24                I2C_WriteDeviceRegister
                0x0000000008000f94                I2C_ReadDeviceRegister
                0x000000000800115c                I2C_ReadDataBuffer
                0x0000000008001338                IOE_TS_Read_X
                0x0000000008001384                IOE_TS_Read_Y
 .text          0x00000000080015a4      0x5d0 obj/Lib/Touch.o
                0x00000000080015a4                delay
                0x00000000080015d8                Draw_Calibration_Mark
                0x0000000008001624                Lcd_Touch_Calibration
                0x00000000080018c4                GetTouch_TC_Async
                0x0000000008001938                GetTouch_TC_Sync
                0x00000000080019a8                GetTouch_SC_Async
                0x0000000008001a70                GetTouch_SC_Sync
                0x0000000008001b38                InitTouch
 .text          0x0000000008001b74      0x394 obj/Lib/Widget.o
                0x0000000008001b74                contains
                0x0000000008001bd4                OnTouch
                0x0000000008001c48                DrawInit
                0x0000000008001c7c                DrawOn
                0x0000000008001ce4                DrawOff
                0x0000000008001d4c                DrawOn2
                0x0000000008001db4                DrawOff2
                0x0000000008001e1c                WClear
                0x0000000008001e70                WErase
                0x0000000008001eb4                WPrint
 .text          0x0000000008001f08        0x0 obj/Lib/WidgetConfig.o
 .text          0x0000000008001f08     0x1238 obj/Simulink/Subsystem.o
                0x0000000008002cf4                Subsystem_step
                0x000000000800302c                Subsystem_initialize
 .text          0x0000000008003140      0x400 obj/code.o
                0x0000000008003174                systick_handler
                0x0000000008003240                ISR2_systick_handler
                0x0000000008003250                FuncTaskLCD
                0x0000000008003290                FuncTaskClock
                0x0000000008003414                main
 .text          0x0000000008003540       0x34 obj/eecfg.o
 .text          0x0000000008003574        0x0 obj/pkg/mcu/st_stm32_stm32f4xx/src/startup_stm32f4xx_gnu.o
 .text.EE_cortex_mx_default_reset_ISR
                0x0000000008003574       0x40 obj/pkg/mcu/st_stm32_stm32f4xx/src/startup_stm32f4xx_gnu.o
                0x0000000008003574                EE_cortex_mx_default_reset_ISR
 .text.EE_cortex_mx_default_ISR
                0x00000000080035b4        0x4 obj/pkg/mcu/st_stm32_stm32f4xx/src/startup_stm32f4xx_gnu.o
                0x00000000080035b4                EE_CORTEX_MX_DMA1_Stream7_ISR
                0x00000000080035b4                EE_CORTEX_MX_USART6_ISR
                0x00000000080035b4                EE_CORTEX_MX_DMA1_STREAM6_ISR
                0x00000000080035b4                EE_CORTEX_MX_CRYP_ISR
                0x00000000080035b4                EE_CORTEX_MX_DMA1_STREAM5_ISR
                0x00000000080035b4                EE_CORTEX_MX_BUS_FAULT_ISR
                0x00000000080035b4                EE_CORTEX_MX_PVD_ISR
                0x00000000080035b4                EE_CORTEX_MX_SPI2_ISR
                0x00000000080035b4                EE_CORTEX_MX_CAN1_RX1_ISR
                0x00000000080035b4                EE_CORTEX_MX_DMA2_STREAM5_ISR
                0x00000000080035b4                EE_CORTEX_MX_TIM6_DAC_ISR
                0x00000000080035b4                EE_CORTEX_MX_I2C2_EV_ISR
                0x00000000080035b4                EE_CORTEX_MX_TIM1_UP_TIM10_ISR
                0x00000000080035b4                EE_CORTEX_MX_CAN1_RX0_ISR
                0x00000000080035b4                EE_CORTEX_MX_USART1_ISR
                0x00000000080035b4                EE_CORTEX_MX_TIM8_CC_ISR
                0x00000000080035b4                EE_CORTEX_MX_RTC_Alarm_ISR
                0x00000000080035b4                EE_CORTEX_MX_EXTI2_ISR
                0x00000000080035b4                EE_CORTEX_MX_OTG_HS_ISR
                0x00000000080035b4                EE_CORTEX_MX_DCMI_ISR
                0x00000000080035b4                EE_CORTEX_MX_DMA2_STREAM0_ISR
                0x00000000080035b4                EE_CORTEX_MX_SPI1_ISR
                0x00000000080035b4                EE_cortex_mx_default_ISR
                0x00000000080035b4                EE_CORTEX_MX_ETH_WKUP_ISR
                0x00000000080035b4                EE_CORTEX_MX_TIM8_TRG_COM_TIM14_ISR
                0x00000000080035b4                EE_CORTEX_MX_USAGE_FAULT_ISR
                0x00000000080035b4                EE_CORTEX_MX_TIM7_ISR
                0x00000000080035b4                EE_CORTEX_MX_TIM2_ISR
                0x00000000080035b4                EE_CORTEX_MX_I2C1_EV_ISR
                0x00000000080035b4                EE_CORTEX_MX_TIM1_TRG_COM_TIM11_ISR
                0x00000000080035b4                EE_CORTEX_MX_UART5_ISR
                0x00000000080035b4                EE_CORTEX_MX_UART4_ISR
                0x00000000080035b4                EE_CORTEX_MX_NMI_ISR
                0x00000000080035b4                EE_CORTEX_MX_TIM3_ISR
                0x00000000080035b4                EE_CORTEX_MX_USART3_ISR
                0x00000000080035b4                EE_CORTEX_MX_DMA2_STREAM4_ISR
                0x00000000080035b4                EE_CORTEX_MX_EXTI4_ISR
                0x00000000080035b4                EE_CORTEX_MX_ADC_ISR
                0x00000000080035b4                EE_CORTEX_MX_OTG_HS_EP1_IN_ISR
                0x00000000080035b4                EE_CORTEX_MX_DMA2_STREAM1_ISR
                0x00000000080035b4                EE_CORTEX_MX_CAN1_TX_ISR
                0x00000000080035b4                EE_CORTEX_MX_USART2_ISR
                0x00000000080035b4                EE_CORTEX_MX_SDIO_ISR
                0x00000000080035b4                EE_CORTEX_MX_I2C2_ER_ISR
                0x00000000080035b4                EE_CORTEX_MX_I2C3_EV_ISR
                0x00000000080035b4                EE_CORTEX_MX_HARD_FAULT_ISR
                0x00000000080035b4                EE_CORTEX_MX_DMA1_STREAM3_ISR
                0x00000000080035b4                EE_CORTEX_MX_OTG_HS_EP1_OUT_ISR
                0x00000000080035b4                EE_CORTEX_MX_TIM8_BRK_TIM12_ISR
                0x00000000080035b4                EE_CORTEX_MX_CAN1_SCE_ISR
                0x00000000080035b4                EE_CORTEX_MX_DMA1_STREAM1_ISR
                0x00000000080035b4                EE_CORTEX_MX_TIM4_ISR
                0x00000000080035b4                EE_CORTEX_MX_DMA2_STREAM3_ISR
                0x00000000080035b4                EE_CORTEX_MX_ETH_ISR
                0x00000000080035b4                EE_CORTEX_MX_OTG_FS_ISR
                0x00000000080035b4                EE_CORTEX_MX_CAN2_RX0_ISR
                0x00000000080035b4                EE_CORTEX_MX_CAN2_SCE_ISR
                0x00000000080035b4                EE_CORTEX_MX_FPU_ISR
                0x00000000080035b4                EE_CORTEX_MX_RTC_WKUP_ISR
                0x00000000080035b4                EE_CORTEX_MX_TIM8_UP_TIM13_ISR
                0x00000000080035b4                EE_CORTEX_MX_OTG_FS_WKUP_ISR
                0x00000000080035b4                EE_CORTEX_MX_DMA1_STREAM2_ISR
                0x00000000080035b4                EE_CORTEX_MX_EXTI9_5_ISR
                0x00000000080035b4                EE_CORTEX_MX_EXTI3_ISR
                0x00000000080035b4                EE_CORTEX_MX_EXTI0_ISR
                0x00000000080035b4                EE_CORTEX_MX_I2C1_ER_ISR
                0x00000000080035b4                EE_CORTEX_MX_FLASH_ISR
                0x00000000080035b4                EE_CORTEX_MX_OTG_HS_WKUP_ISR
                0x00000000080035b4                EE_CORTEX_MX_TIM1_BRK_TIM9_ISR
                0x00000000080035b4                EE_CORTEX_MX_I2C3_ER_ISR
                0x00000000080035b4                EE_CORTEX_MX_TIM1_CC_ISR
                0x00000000080035b4                EE_CORTEX_MX_SPI3_ISR
                0x00000000080035b4                EE_CORTEX_MX_EXTI15_10_ISR
                0x00000000080035b4                EE_CORTEX_MX_CAN2_TX_ISR
                0x00000000080035b4                EE_CORTEX_MX_RCC_ISR
                0x00000000080035b4                EE_CORTEX_MX_FSMC_ISR
                0x00000000080035b4                EE_CORTEX_MX_DMA2_STREAM2_ISR
                0x00000000080035b4                EE_CORTEX_MX_DMA2_STREAM7_ISR
                0x00000000080035b4                EE_CORTEX_MX_EXTI1_ISR
                0x00000000080035b4                EE_CORTEX_MX_DEBUG_MONITOR_ISR
                0x00000000080035b4                EE_CORTEX_MX_WWDG_ISR
                0x00000000080035b4                EE_CORTEX_MX_MPU_FAULT_ISR
                0x00000000080035b4                EE_CORTEX_MX_HASH_RNG_ISR
                0x00000000080035b4                EE_CORTEX_MX_DMA2_STREAM6_ISR
                0x00000000080035b4                EE_CORTEX_MX_TIM5_ISR
                0x00000000080035b4                EE_CORTEX_MX_DMA1_STREAM0_ISR
                0x00000000080035b4                EE_CORTEX_MX_TAMP_STAMP_ISR
                0x00000000080035b4                EE_CORTEX_MX_CAN2_RX1_ISR
                0x00000000080035b4                EE_CORTEX_MX_DMA1_STREAM4_ISR
 .text._exit    0x00000000080035b8        0x6 obj/pkg/mcu/st_stm32_stm32f4xx/src/startup_stm32f4xx_gnu.o
                0x00000000080035b8                _exit
 *fill*         0x00000000080035be        0x2 
 .text          0x00000000080035c0      0x248 obj/pkg/mcu/st_stm32_stm32f4xx/src/system_stm32f4xx.o
                0x00000000080035c0                SystemInit
                0x000000000800361c                SystemCoreClockUpdate
 .text          0x0000000008003808       0x34 libee.a(ee_hal_structs.o)
 .text          0x000000000800383c       0x70 libee.a(ee_utils.o)
                0x0000000008003870                EE_system_init
 .text          0x00000000080038ac       0x80 libee.a(ee_gnu_change_context_isr.o)
                0x00000000080038ac                EE_set_switch_context_pri
                0x00000000080038c6                EE_switch_context
                0x00000000080038d0                EE_cortex_mx_pendsv_ISR
                0x000000000800390e                EE_cortex_mx_svc_ISR
 .text          0x000000000800392c      0x110 libee.a(ee_irqendin.o)
                0x0000000008003980                EE_IRQ_end_instance
                0x0000000008003a14                EE_IRQ_end_post_stub
 .text          0x0000000008003a3c       0x58 libee.a(ee_tstub.o)
                0x0000000008003a70                EE_oo_thread_stub
 .text          0x0000000008003a94       0x34 libee.a(ee_lookup.o)
 .text          0x0000000008003ac8       0x78 libee.a(ee_rq_exchg.o)
                0x0000000008003afc                EE_rq2stk_exchange
 .text          0x0000000008003b40      0x160 libee.a(ee_alsetrel.o)
                0x0000000008003b74                EE_oo_SetRelAlarm
 .text          0x0000000008003ca0      0x45c libee.a(ee_altick.o)
                0x0000000008003cd4                EE_oo_counter_object_insert
                0x0000000008003e90                EE_oo_IncrementCounterImplementation
                0x0000000008003ff8                EE_oo_IncrementCounterHardware
                0x000000000800402c                EE_oo_IncrementCounter
 .text          0x00000000080040fc       0x54 libee.a(ee_context.o)
                0x0000000008004130                EE_cortex_mx_change_context
 .text          0x0000000008004150       0x80 libee.a(ee_gnu_oo.o)
                0x0000000008004150                EE_hal_terminate_savestk
                0x000000000800419a                EE_hal_terminate_task
 .text          0x00000000080041d0       0x4c libee.a(ee_tnterm.o)
                0x0000000008004204                EE_thread_not_terminated
 .text          0x000000000800421c       0xb4 libee.a(ee_rq_inser.o)
                0x0000000008004250                EE_rq_insert
 .text          0x00000000080042d0       0x58 libee.a(ee_context.o)
                0x0000000008004304                EE_std_run_task_code
 .text          0x0000000008004328      0x194 libee.a(ee_thendin.o)
                0x000000000800437c                EE_thread_end_instance
 .text          0x00000000080044bc     0x1c4c libstm32f4discovery.a(stm32f4_discovery_lcd.o)
                0x00000000080044bc                LCD_DeInit
                0x0000000008004700                LCD_CtrlLinesConfig
                0x000000000800487c                LCD_FSMCConfig
                0x0000000008004900                STM32f4_Discovery_LCD_Init
                0x0000000008004a74                LCD_SetCursor
                0x0000000008004aa0                LCD_WriteReg
                0x0000000008004ad0                LCD_ReadReg
                0x0000000008004af8                LCD_WriteRAM_Prepare
                0x0000000008004b0c                LCD_WriteRAM
                0x0000000008004b2c                LCD_ReadRAM
                0x0000000008004b44                LCD_RGB_Test
                0x0000000008004bac                LCD_SetColors
                0x0000000008004be0                LCD_GetColors
                0x0000000008004c10                LCD_SetTextColor
                0x0000000008004c30                LCD_SetBackColor
                0x0000000008004c50                LCD_DisplayOff
                0x0000000008004c5c                LCD_DisplayOn
                0x0000000008004c68                LCD_SetFont
                0x0000000008004c84                LCD_GetFont
                0x0000000008004c98                LCD_ClearLine
                0x0000000008004cd4                LCD_Clear
                0x0000000008004d14                LCD_DrawPicture
                0x0000000008004e28                LCD_DrawChar
                0x0000000008004f2c                LCD_DrawCharXY
                0x0000000008005068                LCD_DisplayChar
                0x00000000080050ac                LCD_DisplayCharXY
                0x00000000080050fc                LCD_DisplayStringXY
                0x0000000008005150                LCD_DisplayStringLine
                0x00000000080051a4                LCD_SetDisplayWindow
                0x000000000800522c                LCD_WindowModeDisable
                0x0000000008005238                LCD_DrawLine
                0x00000000080052d4                LCD_DrawRect
                0x0000000008005340                LCD_DrawFilledCircle
                0x00000000080053b0                LCD_DrawCircle
                0x000000000800556c                LCD_DrawMonoPict
                0x00000000080055f4                LCD_WriteBMP
                0x0000000008005694                LCD_DrawFilledRect
                0x0000000008005728                LCD_DrawFullRect
                0x00000000080057e4                LCD_DrawFullCircle
                0x000000000800590c                LCD_DrawUniLine
                0x0000000008005a8c                LCD_PolyLine
                0x0000000008005b98                LCD_ClosedPolyLine
                0x0000000008005bf4                LCD_PolyLineRelative
                0x0000000008005c14                LCD_ClosedPolyLineRelative
                0x0000000008005c34                LCD_FillPolyLine
 .text          0x0000000008006108      0x700 libstm32f4xxspd.a(stm32f4xx_dma.o)
                0x0000000008006108                DMA_DeInit
                0x00000000080062ac                DMA_Init
                0x0000000008006358                DMA_StructInit
                0x00000000080063c4                DMA_Cmd
                0x00000000080063fc                DMA_PeriphIncOffsetSizeConfig
                0x0000000008006430                DMA_FlowControllerConfig
                0x0000000008006464                DMA_SetCurrDataCounter
                0x0000000008006480                DMA_GetCurrDataCounter
                0x0000000008006498                DMA_DoubleBufferModeConfig
                0x00000000080064d4                DMA_DoubleBufferModeCmd
                0x000000000800650c                DMA_MemoryTargetConfig
                0x0000000008006538                DMA_GetCurrentMemoryTarget
                0x0000000008006568                DMA_GetCmdStatus
                0x0000000008006598                DMA_GetFIFOStatus
                0x00000000080065bc                DMA_GetFlagStatus
                0x0000000008006630                DMA_ClearFlag
                0x000000000800668c                DMA_ITConfig
                0x0000000008006700                DMA_GetITStatus
                0x00000000080067ac                DMA_ClearITPendingBit
 .text          0x0000000008006808      0x948 libstm32f4xxspd.a(stm32f4xx_fsmc.o)
                0x0000000008006808                FSMC_NORSRAMDeInit
                0x0000000008006860                FSMC_NORSRAMInit
                0x0000000008006994                FSMC_NORSRAMStructInit
                0x0000000008006a68                FSMC_NORSRAMCmd
                0x0000000008006abc                FSMC_NANDDeInit
                0x0000000008006b18                FSMC_NANDInit
                0x0000000008006be4                FSMC_NANDStructInit
                0x0000000008006c60                FSMC_NANDCmd
                0x0000000008006ccc                FSMC_NANDECCCmd
                0x0000000008006d38                FSMC_GetECC
                0x0000000008006d6c                FSMC_PCCARDDeInit
                0x0000000008006da0                FSMC_PCCARDInit
                0x0000000008006e4c                FSMC_PCCARDStructInit
                0x0000000008006ed0                FSMC_PCCARDCmd
                0x0000000008006f0c                FSMC_ITConfig
                0x0000000008006fac                FSMC_GetFlagStatus
                0x0000000008007010                FSMC_ClearFlag
                0x000000000800706c                FSMC_GetITStatus
                0x00000000080070ec                FSMC_ClearITPendingBit
 .text          0x0000000008007150      0x484 libstm32f4xxspd.a(stm32f4xx_gpio.o)
                0x0000000008007150                GPIO_DeInit
                0x0000000008007270                GPIO_Init
                0x000000000800738c                GPIO_StructInit
                0x00000000080073c0                GPIO_PinLockConfig
                0x0000000008007404                GPIO_ReadInputDataBit
                0x0000000008007438                GPIO_ReadInputData
                0x0000000008007450                GPIO_ReadOutputDataBit
                0x0000000008007484                GPIO_ReadOutputData
                0x000000000800749c                GPIO_SetBits
                0x00000000080074b8                GPIO_ResetBits
                0x00000000080074d4                GPIO_WriteBit
                0x0000000008007504                GPIO_Write
                0x0000000008007520                GPIO_ToggleBits
                0x0000000008007544                GPIO_PinAFConfig
 .text          0x00000000080075d4      0x980 libstm32f4xxspd.a(stm32f4xx_i2c.o)
                0x00000000080075d4                I2C_DeInit
                0x0000000008007648                I2C_Init
                0x00000000080077cc                I2C_StructInit
                0x0000000008007808                I2C_Cmd
                0x0000000008007848                I2C_GenerateSTART
                0x0000000008007888                I2C_GenerateSTOP
                0x00000000080078c8                I2C_Send7bitAddress
                0x0000000008007904                I2C_AcknowledgeConfig
                0x0000000008007944                I2C_OwnAddress2Config
                0x0000000008007988                I2C_DualAddressCmd
                0x00000000080079c8                I2C_GeneralCallCmd
                0x0000000008007a08                I2C_SoftwareResetCmd
                0x0000000008007a4c                I2C_StretchClockCmd
                0x0000000008007a8c                I2C_FastModeDutyCycleConfig
                0x0000000008007acc                I2C_NACKPositionConfig
                0x0000000008007b0c                I2C_SMBusAlertConfig
                0x0000000008007b4c                I2C_ARPCmd
                0x0000000008007b8c                I2C_SendData
                0x0000000008007bac                I2C_ReceiveData
                0x0000000008007bc8                I2C_TransmitPEC
                0x0000000008007c08                I2C_PECPositionConfig
                0x0000000008007c48                I2C_CalculatePEC
                0x0000000008007c88                I2C_GetPEC
                0x0000000008007ca8                I2C_DMACmd
                0x0000000008007ce8                I2C_DMALastTransferCmd
                0x0000000008007d28                I2C_ReadRegister
                0x0000000008007d54                I2C_ITConfig
                0x0000000008007d9c                I2C_CheckEvent
                0x0000000008007dfc                I2C_GetLastEvent
                0x0000000008007e40                I2C_GetFlagStatus
                0x0000000008007ea4                I2C_ClearFlag
                0x0000000008007ed0                I2C_GetITStatus
                0x0000000008007f28                I2C_ClearITPendingBit
 .text          0x0000000008007f54      0xa78 libstm32f4xxspd.a(stm32f4xx_rcc.o)
                0x0000000008007f54                RCC_DeInit
                0x0000000008007fa4                RCC_HSEConfig
                0x0000000008007fc8                RCC_WaitForHSEStartUp
                0x0000000008008018                RCC_AdjustHSICalibrationValue
                0x0000000008008054                RCC_HSICmd
                0x0000000008008074                RCC_LSEConfig
                0x00000000080080b4                RCC_LSICmd
                0x00000000080080d4                RCC_PLLConfig
                0x0000000008008110                RCC_PLLCmd
                0x0000000008008130                RCC_PLLI2SConfig
                0x0000000008008158                RCC_PLLI2SCmd
                0x0000000008008178                RCC_ClockSecuritySystemCmd
                0x0000000008008198                RCC_MCO1Config
                0x00000000080081d4                RCC_MCO2Config
                0x0000000008008210                RCC_SYSCLKConfig
                0x0000000008008248                RCC_GetSYSCLKSource
                0x0000000008008264                RCC_HCLKConfig
                0x000000000800829c                RCC_PCLK1Config
                0x00000000080082d4                RCC_PCLK2Config
                0x000000000800830c                RCC_GetClocksFreq
                0x0000000008008460                RCC_RTCCLKConfig
                0x00000000080084bc                RCC_RTCCLKCmd
                0x00000000080084dc                RCC_BackupResetCmd
                0x00000000080084fc                RCC_I2SCLKConfig
                0x0000000008008518                RCC_AHB1PeriphClockCmd
                0x0000000008008554                RCC_AHB2PeriphClockCmd
                0x0000000008008590                RCC_AHB3PeriphClockCmd
                0x00000000080085cc                RCC_APB1PeriphClockCmd
                0x0000000008008608                RCC_APB2PeriphClockCmd
                0x0000000008008644                RCC_AHB1PeriphResetCmd
                0x0000000008008680                RCC_AHB2PeriphResetCmd
                0x00000000080086bc                RCC_AHB3PeriphResetCmd
                0x00000000080086f8                RCC_APB1PeriphResetCmd
                0x0000000008008734                RCC_APB2PeriphResetCmd
                0x0000000008008770                RCC_AHB1PeriphClockLPModeCmd
                0x00000000080087ac                RCC_AHB2PeriphClockLPModeCmd
                0x00000000080087e8                RCC_AHB3PeriphClockLPModeCmd
                0x0000000008008824                RCC_APB1PeriphClockLPModeCmd
                0x0000000008008860                RCC_APB2PeriphClockLPModeCmd
                0x000000000800889c                RCC_ITConfig
                0x00000000080088e8                RCC_GetFlagStatus
                0x000000000800895c                RCC_ClearFlag
                0x0000000008008978                RCC_GetITStatus
                0x00000000080089ac                RCC_ClearITPendingBit
 .text          0x00000000080089cc      0x370 /usr/local/Cellar/gcc-arm-none-eabi/20160928/bin/../lib/gcc/arm-none-eabi/5.4.1/armv7e-m/libgcc.a(_arm_addsubdf3.o)
                0x00000000080089cc                __aeabi_drsub
                0x00000000080089d4                __subdf3
                0x00000000080089d4                __aeabi_dsub
                0x00000000080089d8                __aeabi_dadd
                0x00000000080089d8                __adddf3
                0x0000000008008c50                __aeabi_ui2d
                0x0000000008008c50                __floatunsidf
                0x0000000008008c70                __floatsidf
                0x0000000008008c70                __aeabi_i2d
                0x0000000008008c94                __extendsfdf2
                0x0000000008008c94                __aeabi_f2d
                0x0000000008008cd0                __aeabi_ul2d
                0x0000000008008cd0                __floatundidf
                0x0000000008008ce0                __aeabi_l2d
                0x0000000008008ce0                __floatdidf
 .text          0x0000000008008d3c      0x424 /usr/local/Cellar/gcc-arm-none-eabi/20160928/bin/../lib/gcc/arm-none-eabi/5.4.1/armv7e-m/libgcc.a(_arm_muldivdf3.o)
                0x0000000008008d3c                __aeabi_dmul
                0x0000000008008d3c                __muldf3
                0x0000000008008f90                __aeabi_ddiv
                0x0000000008008f90                __divdf3
 .text          0x0000000008009160      0x110 /usr/local/Cellar/gcc-arm-none-eabi/20160928/bin/../lib/gcc/arm-none-eabi/5.4.1/armv7e-m/libgcc.a(_arm_cmpdf2.o)
                0x0000000008009160                __gtdf2
                0x0000000008009160                __gedf2
                0x0000000008009168                __ltdf2
                0x0000000008009168                __ledf2
                0x0000000008009170                __eqdf2
                0x0000000008009170                __nedf2
                0x0000000008009170                __cmpdf2
                0x00000000080091ec                __aeabi_cdrcmple
                0x00000000080091fc                __aeabi_cdcmple
                0x00000000080091fc                __aeabi_cdcmpeq
                0x000000000800920c                __aeabi_dcmpeq
                0x0000000008009220                __aeabi_dcmplt
                0x0000000008009234                __aeabi_dcmple
                0x0000000008009248                __aeabi_dcmpge
                0x000000000800925c                __aeabi_dcmpgt
 .text          0x0000000008009270       0x50 /usr/local/Cellar/gcc-arm-none-eabi/20160928/bin/../lib/gcc/arm-none-eabi/5.4.1/armv7e-m/libgcc.a(_arm_fixdfsi.o)
                0x0000000008009270                __fixdfsi
                0x0000000008009270                __aeabi_d2iz
 .text          0x00000000080092c0      0x21c /usr/local/Cellar/gcc-arm-none-eabi/20160928/bin/../lib/gcc/arm-none-eabi/5.4.1/armv7e-m/libgcc.a(_arm_addsubsf3.o)
                0x00000000080092c0                __aeabi_frsub
                0x00000000080092c8                __aeabi_fsub
                0x00000000080092c8                __subsf3
                0x00000000080092cc                __aeabi_fadd
                0x00000000080092cc                __addsf3
                0x000000000800942c                __aeabi_ui2f
                0x000000000800942c                __floatunsisf
                0x0000000008009434                __floatsisf
                0x0000000008009434                __aeabi_i2f
                0x0000000008009450                __aeabi_ul2f
                0x0000000008009450                __floatundisf
                0x0000000008009460                __aeabi_l2f
                0x0000000008009460                __floatdisf
 .text          0x00000000080094dc      0x2a0 /usr/local/Cellar/gcc-arm-none-eabi/20160928/bin/../lib/gcc/arm-none-eabi/5.4.1/armv7e-m/libgcc.a(_arm_muldivsf3.o)
                0x00000000080094dc                __mulsf3
                0x00000000080094dc                __aeabi_fmul
                0x0000000008009644                __divsf3
                0x0000000008009644                __aeabi_fdiv
 .text          0x000000000800977c       0x4c /usr/local/Cellar/gcc-arm-none-eabi/20160928/bin/../lib/gcc/arm-none-eabi/5.4.1/armv7e-m/libgcc.a(_arm_fixsfsi.o)
                0x000000000800977c                __fixsfsi
                0x000000000800977c                __aeabi_f2iz
 .text          0x00000000080097c8       0x40 /usr/local/Cellar/gcc-arm-none-eabi/20160928/bin/../lib/gcc/arm-none-eabi/5.4.1/armv7e-m/libgcc.a(_arm_fixunssfsi.o)
                0x00000000080097c8                __aeabi_f2uiz
                0x00000000080097c8                __fixunssfsi
 .text          0x0000000008009808        0x0 /usr/local/Cellar/gcc-arm-none-eabi/20160928/bin/../lib/gcc/arm-none-eabi/5.4.1/../../../../arm-none-eabi/lib/armv7e-m/libc.a(lib_a-exit.o)
 .text.exit     0x0000000008009808       0x20 /usr/local/Cellar/gcc-arm-none-eabi/20160928/bin/../lib/gcc/arm-none-eabi/5.4.1/../../../../arm-none-eabi/lib/armv7e-m/libc.a(lib_a-exit.o)
                0x0000000008009808                exit
 .text          0x0000000008009828        0x0 /usr/local/Cellar/gcc-arm-none-eabi/20160928/bin/../lib/gcc/arm-none-eabi/5.4.1/../../../../arm-none-eabi/lib/armv7e-m/libc.a(lib_a-impure.o)
 .text          0x0000000008009828        0x0 /usr/local/Cellar/gcc-arm-none-eabi/20160928/bin/../lib/gcc/arm-none-eabi/5.4.1/../../../../arm-none-eabi/lib/armv7e-m/libc.a(lib_a-init.o)
 .text.__libc_init_array
                0x0000000008009828       0x50 /usr/local/Cellar/gcc-arm-none-eabi/20160928/bin/../lib/gcc/arm-none-eabi/5.4.1/../../../../arm-none-eabi/lib/armv7e-m/libc.a(lib_a-init.o)
                0x0000000008009828                __libc_init_array
 .text          0x0000000008009878        0x0 /usr/local/Cellar/gcc-arm-none-eabi/20160928/bin/../lib/gcc/arm-none-eabi/5.4.1/../../../../arm-none-eabi/lib/armv7e-m/libc.a(lib_a-memset.o)
 .text.memset   0x0000000008009878       0x9c /usr/local/Cellar/gcc-arm-none-eabi/20160928/bin/../lib/gcc/arm-none-eabi/5.4.1/../../../../arm-none-eabi/lib/armv7e-m/libc.a(lib_a-memset.o)
                0x0000000008009878                memset
 .text          0x0000000008009914        0x0 /usr/local/Cellar/gcc-arm-none-eabi/20160928/bin/../lib/gcc/arm-none-eabi/5.4.1/../../../../arm-none-eabi/lib/armv7e-m/libc.a(lib_a-__call_atexit.o)
 .text.startup.register_fini
                0x0000000008009914       0x14 /usr/local/Cellar/gcc-arm-none-eabi/20160928/bin/../lib/gcc/arm-none-eabi/5.4.1/../../../../arm-none-eabi/lib/armv7e-m/libc.a(lib_a-__call_atexit.o)
 .text.__call_exitprocs
                0x0000000008009928       0xd8 /usr/local/Cellar/gcc-arm-none-eabi/20160928/bin/../lib/gcc/arm-none-eabi/5.4.1/../../../../arm-none-eabi/lib/armv7e-m/libc.a(lib_a-__call_atexit.o)
                0x0000000008009928                __call_exitprocs
 .text          0x0000000008009a00        0x0 /usr/local/Cellar/gcc-arm-none-eabi/20160928/bin/../lib/gcc/arm-none-eabi/5.4.1/../../../../arm-none-eabi/lib/armv7e-m/libc.a(lib_a-atexit.o)
 .text.atexit   0x0000000008009a00        0xc /usr/local/Cellar/gcc-arm-none-eabi/20160928/bin/../lib/gcc/arm-none-eabi/5.4.1/../../../../arm-none-eabi/lib/armv7e-m/libc.a(lib_a-atexit.o)
                0x0000000008009a00                atexit
 .text          0x0000000008009a0c        0x0 /usr/local/Cellar/gcc-arm-none-eabi/20160928/bin/../lib/gcc/arm-none-eabi/5.4.1/../../../../arm-none-eabi/lib/armv7e-m/libc.a(lib_a-fini.o)
 .text.__libc_fini_array
                0x0000000008009a0c       0x28 /usr/local/Cellar/gcc-arm-none-eabi/20160928/bin/../lib/gcc/arm-none-eabi/5.4.1/../../../../arm-none-eabi/lib/armv7e-m/libc.a(lib_a-fini.o)
                0x0000000008009a0c                __libc_fini_array
 .text          0x0000000008009a34        0x0 /usr/local/Cellar/gcc-arm-none-eabi/20160928/bin/../lib/gcc/arm-none-eabi/5.4.1/../../../../arm-none-eabi/lib/armv7e-m/libc.a(lib_a-__atexit.o)
 .text.__register_exitproc
                0x0000000008009a34       0xa4 /usr/local/Cellar/gcc-arm-none-eabi/20160928/bin/../lib/gcc/arm-none-eabi/5.4.1/../../../../arm-none-eabi/lib/armv7e-m/libc.a(lib_a-__atexit.o)
                0x0000000008009a34                __register_exitproc
 .text          0x0000000008009ad8        0x0 /usr/local/Cellar/gcc-arm-none-eabi/20160928/bin/../lib/gcc/arm-none-eabi/5.4.1/armv7e-m/crtend.o
 .text          0x0000000008009ad8        0x0 /usr/local/Cellar/gcc-arm-none-eabi/20160928/bin/../lib/gcc/arm-none-eabi/5.4.1/armv7e-m/crtn.o
 *(.init)
 .init          0x0000000008009ad8        0x4 /usr/local/Cellar/gcc-arm-none-eabi/20160928/bin/../lib/gcc/arm-none-eabi/5.4.1/armv7e-m/crti.o
                0x0000000008009ad8                _init
 .init          0x0000000008009adc        0x8 /usr/local/Cellar/gcc-arm-none-eabi/20160928/bin/../lib/gcc/arm-none-eabi/5.4.1/armv7e-m/crtn.o
 *(.fini)
 .fini          0x0000000008009ae4        0x4 /usr/local/Cellar/gcc-arm-none-eabi/20160928/bin/../lib/gcc/arm-none-eabi/5.4.1/armv7e-m/crti.o
                0x0000000008009ae4                _fini
 .fini          0x0000000008009ae8        0x8 /usr/local/Cellar/gcc-arm-none-eabi/20160928/bin/../lib/gcc/arm-none-eabi/5.4.1/armv7e-m/crtn.o
 *crtbegin.o(.ctors)
 *crtbegin.o(.ctors)
 *crtbegin?.o(.ctors)
 *(EXCLUDE_FILE(*crtend.o *crtend?.o) .ctors)
 *(SORT(.ctors.*))
 *(.ctors)
 *crtbegin.o(.dtors)
 *crtbegin?.o(.dtors)
 *(EXCLUDE_FILE(*crtend.o *crtend?.o) .dtors)
 *(SORT(.dtors.*))
 *(.dtors)
 *(.rodata*)
 .rodata        0x0000000008009af0    0x32d4e obj/Assets/pictures.o
                0x0000000008009af0                iconalarm_on
                0x000000000800a7a8                iconnalarm_on
                0x000000000800b460                image_background
                0x0000000008030c98                iconswatch_on
                0x0000000008031950                icontime_on
                0x0000000008032608                icontimeset_on
                0x00000000080332c0                back_hours
                0x00000000080345b8                back_minutes
                0x00000000080358b0                back_seconds
                0x0000000008036ba8                back_tenths
                0x0000000008037540                backsep_hm
                0x0000000008037bb8                backsep_ms
                0x0000000008038230                backsep_st
                0x00000000080388a8                iconalarm_off
                0x0000000008039560                iconnalarm_off
                0x000000000803a218                iconswatch_off
                0x000000000803aed0                icontime_off
                0x000000000803bb88                icontimeset_off
 *fill*         0x000000000803c83e        0x2 
 .rodata        0x000000000803c840        0x6 obj/GUI_manager.o
 *fill*         0x000000000803c846        0x2 
 .rodata        0x000000000803c848       0xe0 obj/Lib/WidgetConfig.o
                0x000000000803c848                MyWatchScr
 .rodata        0x000000000803c928       0x6c obj/eecfg.o
                0x000000000803c928                EE_hal_thread_body
                0x000000000803c930                EE_terminate_real_th_body
                0x000000000803c938                EE_th_ready_prio
                0x000000000803c940                EE_th_dispatch_prio
                0x000000000803c948                EE_counter_ROM
                0x000000000803c954                EE_alarm_ROM
                0x000000000803c95c                EE_oo_counter_object_ROM
                0x000000000803c974                EE_oo_action_ROM
 .rodata        0x000000000803c994     0x29d0 libstm32f4discovery.a(stm32f4_discovery_lcd.o)
                0x000000000803c994                ASCII16x24_Table
                0x000000000803db64                ASCII12x12_Table
                0x000000000803e464                ASCII8x12_Table
                0x000000000803ed64                ASCII8x8_Table
 .rodata._global_impure_ptr
                0x000000000803f364        0x4 /usr/local/Cellar/gcc-arm-none-eabi/20160928/bin/../lib/gcc/arm-none-eabi/5.4.1/../../../../arm-none-eabi/lib/armv7e-m/libc.a(lib_a-impure.o)
                0x000000000803f364                _global_impure_ptr
 *(.eh_frame*)
 .eh_frame      0x000000000803f368        0x0 /usr/local/Cellar/gcc-arm-none-eabi/20160928/bin/../lib/gcc/arm-none-eabi/5.4.1/armv7e-m/crtbegin.o
 .eh_frame      0x000000000803f368        0x4 /usr/local/Cellar/gcc-arm-none-eabi/20160928/bin/../lib/gcc/arm-none-eabi/5.4.1/armv7e-m/crtend.o

.glue_7         0x000000000803f36c        0x0
 .glue_7        0x000000000803f36c        0x0 linker stubs

.glue_7t        0x000000000803f36c        0x0
 .glue_7t       0x000000000803f36c        0x0 linker stubs

.vfp11_veneer   0x000000000803f36c        0x0
 .vfp11_veneer  0x000000000803f36c        0x0 linker stubs

.v4_bx          0x000000000803f36c        0x0
 .v4_bx         0x000000000803f36c        0x0 linker stubs

.iplt           0x000000000803f36c        0x0
 .iplt          0x000000000803f36c        0x0 /usr/local/Cellar/gcc-arm-none-eabi/20160928/bin/../lib/gcc/arm-none-eabi/5.4.1/armv7e-m/crtbegin.o

.ARM.extab      0x000000000803f36c        0x0
 *(.ARM.extab* .gnu.linkonce.armextab.*)
 .ARM.extab     0x000000000803f36c        0x0 /usr/local/Cellar/gcc-arm-none-eabi/20160928/bin/../lib/gcc/arm-none-eabi/5.4.1/../../../../arm-none-eabi/lib/armv7e-m/crt0.o
                0x000000000803f36c                __exidx_start = .

.ARM.exidx      0x000000000803f36c        0x8
 *(.ARM.exidx* .gnu.linkonce.armexidx.*)
 .ARM.exidx     0x000000000803f36c        0x8 /usr/local/Cellar/gcc-arm-none-eabi/20160928/bin/../lib/gcc/arm-none-eabi/5.4.1/../../../../arm-none-eabi/lib/armv7e-m/crt0.o
                0x000000000803f374                __exidx_end = .
                0x000000000803f374                __etext = .

.rel.dyn        0x000000000803f374        0x0
 .rel.iplt      0x000000000803f374        0x0 /usr/local/Cellar/gcc-arm-none-eabi/20160928/bin/../lib/gcc/arm-none-eabi/5.4.1/armv7e-m/crtbegin.o

.data           0x0000000020000000      0x5dc load address 0x000000000803f374
                0x0000000020000000                __data_start__ = .
 *(vtable)
 *(.data*)
 .data          0x0000000020000000        0x0 /usr/local/Cellar/gcc-arm-none-eabi/20160928/bin/../lib/gcc/arm-none-eabi/5.4.1/armv7e-m/crti.o
 .data          0x0000000020000000        0x4 /usr/local/Cellar/gcc-arm-none-eabi/20160928/bin/../lib/gcc/arm-none-eabi/5.4.1/armv7e-m/crtbegin.o
                0x0000000020000000                __dso_handle
 .data          0x0000000020000004        0x0 /usr/local/Cellar/gcc-arm-none-eabi/20160928/bin/../lib/gcc/arm-none-eabi/5.4.1/../../../../arm-none-eabi/lib/armv7e-m/crt0.o
 .data          0x0000000020000004        0x0 obj/Assets/pictures.o
 .data          0x0000000020000004        0x5 obj/GUI_manager.o
                0x0000000020000004                old_mode
                0x0000000020000005                oh
                0x0000000020000006                om
                0x0000000020000007                os
                0x0000000020000008                ot
 .data          0x0000000020000009        0x0 obj/Lib/Event.o
 *fill*         0x0000000020000009        0x3 
 .data          0x000000002000000c        0x4 obj/Lib/STMPE811QTR.o
                0x000000002000000c                IOE_TimeOut
 .data          0x0000000020000010       0x14 obj/Lib/Touch.o
 .data          0x0000000020000024        0x0 obj/Lib/Widget.o
 .data          0x0000000020000024       0xd0 obj/Lib/WidgetConfig.o
                0x0000000020000024                buttontime
                0x0000000020000038                buttontimeset
                0x000000002000004c                buttonalarm
                0x0000000020000060                buttonswatch
                0x0000000020000074                buttonplus
                0x0000000020000088                buttonminus
                0x000000002000009c                txth
                0x00000000200000a8                txtm
                0x00000000200000b4                txts
                0x00000000200000c0                txtt
                0x00000000200000cc                txtsephm
                0x00000000200000d8                txtsepms
                0x00000000200000e4                txtsepst
                0x00000000200000f0                backg
 .data          0x00000000200000f4        0x0 obj/Simulink/Subsystem.o
 .data          0x00000000200000f4        0x0 obj/code.o
 .data          0x00000000200000f4       0x30 obj/eecfg.o
                0x00000000200000f4                EE_th_status
                0x00000000200000fc                EE_th_next
                0x0000000020000104                EE_stkfirst
                0x0000000020000108                EE_th_rnact
                0x0000000020000110                EE_rq_first
                0x0000000020000114                EE_th_terminate_nextask
                0x000000002000011c                EE_counter_RAM
 .data          0x0000000020000124        0x0 obj/pkg/mcu/st_stm32_stm32f4xx/src/startup_stm32f4xx_gnu.o
 .data          0x0000000020000124       0x14 obj/pkg/mcu/st_stm32_stm32f4xx/src/system_stm32f4xx.o
                0x0000000020000124                SystemCoreClock
                0x0000000020000128                AHBPrescTable
 .data          0x0000000020000138        0x0 libee.a(ee_hal_structs.o)
 .data          0x0000000020000138        0x0 libee.a(ee_utils.o)
 .data          0x0000000020000138        0x0 libee.a(ee_gnu_change_context_isr.o)
 .data          0x0000000020000138        0x0 libee.a(ee_irqendin.o)
 .data          0x0000000020000138        0x0 libee.a(ee_tstub.o)
 .data          0x0000000020000138        0x0 libee.a(ee_lookup.o)
 .data          0x0000000020000138        0x0 libee.a(ee_rq_exchg.o)
 .data          0x0000000020000138        0x0 libee.a(ee_alsetrel.o)
 .data          0x0000000020000138        0x0 libee.a(ee_altick.o)
 .data          0x0000000020000138        0x0 libee.a(ee_context.o)
 .data          0x0000000020000138        0x0 libee.a(ee_gnu_oo.o)
 .data          0x0000000020000138        0x0 libee.a(ee_tnterm.o)
 .data          0x0000000020000138        0x0 libee.a(ee_rq_inser.o)
 .data          0x0000000020000138        0x0 libee.a(ee_context.o)
 .data          0x0000000020000138        0x0 libee.a(ee_thendin.o)
 .data          0x0000000020000138       0x56 libstm32f4discovery.a(stm32f4_discovery_lcd.o)
                0x0000000020000138                Font48x72
                0x0000000020000144                Font32x48
                0x0000000020000150                Font24x36
                0x000000002000015c                Font16x24
                0x0000000020000168                Font12x12
                0x0000000020000174                Font8x12
                0x0000000020000180                Font8x8
 .data          0x000000002000018e        0x0 libstm32f4xxspd.a(stm32f4xx_dma.o)
 .data          0x000000002000018e        0x0 libstm32f4xxspd.a(stm32f4xx_fsmc.o)
 .data          0x000000002000018e        0x0 libstm32f4xxspd.a(stm32f4xx_gpio.o)
 .data          0x000000002000018e        0x0 libstm32f4xxspd.a(stm32f4xx_i2c.o)
 *fill*         0x000000002000018e        0x2 
 .data          0x0000000020000190       0x10 libstm32f4xxspd.a(stm32f4xx_rcc.o)
 .data          0x00000000200001a0        0x0 /usr/local/Cellar/gcc-arm-none-eabi/20160928/bin/../lib/gcc/arm-none-eabi/5.4.1/armv7e-m/libgcc.a(_arm_addsubdf3.o)
 .data          0x00000000200001a0        0x0 /usr/local/Cellar/gcc-arm-none-eabi/20160928/bin/../lib/gcc/arm-none-eabi/5.4.1/armv7e-m/libgcc.a(_arm_muldivdf3.o)
 .data          0x00000000200001a0        0x0 /usr/local/Cellar/gcc-arm-none-eabi/20160928/bin/../lib/gcc/arm-none-eabi/5.4.1/armv7e-m/libgcc.a(_arm_cmpdf2.o)
 .data          0x00000000200001a0        0x0 /usr/local/Cellar/gcc-arm-none-eabi/20160928/bin/../lib/gcc/arm-none-eabi/5.4.1/armv7e-m/libgcc.a(_arm_fixdfsi.o)
 .data          0x00000000200001a0        0x0 /usr/local/Cellar/gcc-arm-none-eabi/20160928/bin/../lib/gcc/arm-none-eabi/5.4.1/armv7e-m/libgcc.a(_arm_addsubsf3.o)
 .data          0x00000000200001a0        0x0 /usr/local/Cellar/gcc-arm-none-eabi/20160928/bin/../lib/gcc/arm-none-eabi/5.4.1/armv7e-m/libgcc.a(_arm_muldivsf3.o)
 .data          0x00000000200001a0        0x0 /usr/local/Cellar/gcc-arm-none-eabi/20160928/bin/../lib/gcc/arm-none-eabi/5.4.1/armv7e-m/libgcc.a(_arm_fixsfsi.o)
 .data          0x00000000200001a0        0x0 /usr/local/Cellar/gcc-arm-none-eabi/20160928/bin/../lib/gcc/arm-none-eabi/5.4.1/armv7e-m/libgcc.a(_arm_fixunssfsi.o)
 .data          0x00000000200001a0        0x0 /usr/local/Cellar/gcc-arm-none-eabi/20160928/bin/../lib/gcc/arm-none-eabi/5.4.1/../../../../arm-none-eabi/lib/armv7e-m/libc.a(lib_a-exit.o)
 .data          0x00000000200001a0        0x0 /usr/local/Cellar/gcc-arm-none-eabi/20160928/bin/../lib/gcc/arm-none-eabi/5.4.1/../../../../arm-none-eabi/lib/armv7e-m/libc.a(lib_a-impure.o)
 .data.impure_data
                0x00000000200001a0      0x428 /usr/local/Cellar/gcc-arm-none-eabi/20160928/bin/../lib/gcc/arm-none-eabi/5.4.1/../../../../arm-none-eabi/lib/armv7e-m/libc.a(lib_a-impure.o)
 .data._impure_ptr
                0x00000000200005c8        0x4 /usr/local/Cellar/gcc-arm-none-eabi/20160928/bin/../lib/gcc/arm-none-eabi/5.4.1/../../../../arm-none-eabi/lib/armv7e-m/libc.a(lib_a-impure.o)
                0x00000000200005c8                _impure_ptr
 .data          0x00000000200005cc        0x0 /usr/local/Cellar/gcc-arm-none-eabi/20160928/bin/../lib/gcc/arm-none-eabi/5.4.1/../../../../arm-none-eabi/lib/armv7e-m/libc.a(lib_a-init.o)
 .data          0x00000000200005cc        0x0 /usr/local/Cellar/gcc-arm-none-eabi/20160928/bin/../lib/gcc/arm-none-eabi/5.4.1/../../../../arm-none-eabi/lib/armv7e-m/libc.a(lib_a-memset.o)
 .data          0x00000000200005cc        0x0 /usr/local/Cellar/gcc-arm-none-eabi/20160928/bin/../lib/gcc/arm-none-eabi/5.4.1/../../../../arm-none-eabi/lib/armv7e-m/libc.a(lib_a-__call_atexit.o)
 .data          0x00000000200005cc        0x0 /usr/local/Cellar/gcc-arm-none-eabi/20160928/bin/../lib/gcc/arm-none-eabi/5.4.1/../../../../arm-none-eabi/lib/armv7e-m/libc.a(lib_a-atexit.o)
 .data          0x00000000200005cc        0x0 /usr/local/Cellar/gcc-arm-none-eabi/20160928/bin/../lib/gcc/arm-none-eabi/5.4.1/../../../../arm-none-eabi/lib/armv7e-m/libc.a(lib_a-fini.o)
 .data          0x00000000200005cc        0x0 /usr/local/Cellar/gcc-arm-none-eabi/20160928/bin/../lib/gcc/arm-none-eabi/5.4.1/../../../../arm-none-eabi/lib/armv7e-m/libc.a(lib_a-__atexit.o)
 .data          0x00000000200005cc        0x0 /usr/local/Cellar/gcc-arm-none-eabi/20160928/bin/../lib/gcc/arm-none-eabi/5.4.1/armv7e-m/crtend.o
 .data          0x00000000200005cc        0x0 /usr/local/Cellar/gcc-arm-none-eabi/20160928/bin/../lib/gcc/arm-none-eabi/5.4.1/armv7e-m/crtn.o
                0x00000000200005cc                . = ALIGN (0x4)
                0x00000000200005cc                PROVIDE (__preinit_array_start, .)
 *(.preinit_array)
                0x00000000200005cc                PROVIDE (__preinit_array_end, .)
                0x00000000200005cc                . = ALIGN (0x4)
                0x00000000200005cc                PROVIDE (__init_array_start, .)
 *(SORT(.init_array.*))
 .init_array.00000
                0x00000000200005cc        0x4 /usr/local/Cellar/gcc-arm-none-eabi/20160928/bin/../lib/gcc/arm-none-eabi/5.4.1/../../../../arm-none-eabi/lib/armv7e-m/libc.a(lib_a-__call_atexit.o)
 *(.init_array)
 .init_array    0x00000000200005d0        0x4 /usr/local/Cellar/gcc-arm-none-eabi/20160928/bin/../lib/gcc/arm-none-eabi/5.4.1/armv7e-m/crtbegin.o
                0x00000000200005d4                PROVIDE (__init_array_end, .)
                0x00000000200005d4                . = ALIGN (0x4)
                0x00000000200005d4                PROVIDE (__fini_array_start, .)
 *(SORT(.fini_array.*))
 *(.fini_array)
 .fini_array    0x00000000200005d4        0x4 /usr/local/Cellar/gcc-arm-none-eabi/20160928/bin/../lib/gcc/arm-none-eabi/5.4.1/armv7e-m/crtbegin.o
                0x00000000200005d8                PROVIDE (__fini_array_end, .)
 *(.jcr*)
 .jcr           0x00000000200005d8        0x0 /usr/local/Cellar/gcc-arm-none-eabi/20160928/bin/../lib/gcc/arm-none-eabi/5.4.1/armv7e-m/crtbegin.o
 .jcr           0x00000000200005d8        0x4 /usr/local/Cellar/gcc-arm-none-eabi/20160928/bin/../lib/gcc/arm-none-eabi/5.4.1/armv7e-m/crtend.o
                0x00000000200005dc                . = ALIGN (0x4)
                0x00000000200005dc                __data_end__ = .

.igot.plt       0x00000000200005dc        0x0 load address 0x000000000803f950
 .igot.plt      0x00000000200005dc        0x0 /usr/local/Cellar/gcc-arm-none-eabi/20160928/bin/../lib/gcc/arm-none-eabi/5.4.1/armv7e-m/crtbegin.o

.bss            0x00000000200005dc       0xd4 load address 0x000000000803f950
                0x00000000200005dc                . = ALIGN (0x4)
                0x00000000200005dc                __bss_start__ = .
 *(.bss*)
 .bss           0x00000000200005dc        0x0 /usr/local/Cellar/gcc-arm-none-eabi/20160928/bin/../lib/gcc/arm-none-eabi/5.4.1/armv7e-m/crti.o
 .bss           0x00000000200005dc       0x1c /usr/local/Cellar/gcc-arm-none-eabi/20160928/bin/../lib/gcc/arm-none-eabi/5.4.1/armv7e-m/crtbegin.o
 .bss           0x00000000200005f8        0x0 /usr/local/Cellar/gcc-arm-none-eabi/20160928/bin/../lib/gcc/arm-none-eabi/5.4.1/../../../../arm-none-eabi/lib/armv7e-m/crt0.o
 .bss           0x00000000200005f8        0x0 obj/Assets/pictures.o
 .bss           0x00000000200005f8        0x0 obj/GUI_manager.o
 .bss           0x00000000200005f8        0x0 obj/Lib/Event.o
 .bss           0x00000000200005f8        0x4 obj/Lib/STMPE811QTR.o
 .bss           0x00000000200005fc        0x0 obj/Lib/Touch.o
 .bss           0x00000000200005fc        0x0 obj/Lib/Widget.o
 .bss           0x00000000200005fc        0x0 obj/Lib/WidgetConfig.o
 .bss           0x00000000200005fc        0x0 obj/Simulink/Subsystem.o
 .bss           0x00000000200005fc        0x5 obj/code.o
                0x00000000200005fc                hours
                0x00000000200005fd                minutes
                0x00000000200005fe                seconds
                0x00000000200005ff                tenths
                0x0000000020000600                mode
 *fill*         0x0000000020000601        0x3 
 .bss           0x0000000020000604        0x4 obj/eecfg.o
                0x0000000020000604                EE_sys_ceiling
 .bss           0x0000000020000608        0x0 obj/pkg/mcu/st_stm32_stm32f4xx/src/startup_stm32f4xx_gnu.o
 .bss           0x0000000020000608        0x0 obj/pkg/mcu/st_stm32_stm32f4xx/src/system_stm32f4xx.o
 .bss           0x0000000020000608        0x0 libee.a(ee_hal_structs.o)
 .bss           0x0000000020000608        0x0 libee.a(ee_utils.o)
 .bss           0x0000000020000608        0x0 libee.a(ee_gnu_change_context_isr.o)
 .bss           0x0000000020000608        0x0 libee.a(ee_irqendin.o)
 .bss           0x0000000020000608        0x0 libee.a(ee_tstub.o)
 .bss           0x0000000020000608        0x0 libee.a(ee_lookup.o)
 .bss           0x0000000020000608        0x0 libee.a(ee_rq_exchg.o)
 .bss           0x0000000020000608        0x0 libee.a(ee_alsetrel.o)
 .bss           0x0000000020000608        0x0 libee.a(ee_altick.o)
 .bss           0x0000000020000608        0x0 libee.a(ee_context.o)
 .bss           0x0000000020000608        0x0 libee.a(ee_gnu_oo.o)
 .bss           0x0000000020000608        0x0 libee.a(ee_tnterm.o)
 .bss           0x0000000020000608        0x0 libee.a(ee_rq_inser.o)
 .bss           0x0000000020000608        0x0 libee.a(ee_context.o)
 .bss           0x0000000020000608        0x0 libee.a(ee_thendin.o)
 .bss           0x0000000020000608        0x6 libstm32f4discovery.a(stm32f4_discovery_lcd.o)
 .bss           0x000000002000060e        0x0 libstm32f4xxspd.a(stm32f4xx_dma.o)
 .bss           0x000000002000060e        0x0 libstm32f4xxspd.a(stm32f4xx_fsmc.o)
 .bss           0x000000002000060e        0x0 libstm32f4xxspd.a(stm32f4xx_gpio.o)
 .bss           0x000000002000060e        0x0 libstm32f4xxspd.a(stm32f4xx_i2c.o)
 .bss           0x000000002000060e        0x0 libstm32f4xxspd.a(stm32f4xx_rcc.o)
 .bss           0x000000002000060e        0x0 /usr/local/Cellar/gcc-arm-none-eabi/20160928/bin/../lib/gcc/arm-none-eabi/5.4.1/armv7e-m/libgcc.a(_arm_addsubdf3.o)
 .bss           0x000000002000060e        0x0 /usr/local/Cellar/gcc-arm-none-eabi/20160928/bin/../lib/gcc/arm-none-eabi/5.4.1/armv7e-m/libgcc.a(_arm_muldivdf3.o)
 .bss           0x000000002000060e        0x0 /usr/local/Cellar/gcc-arm-none-eabi/20160928/bin/../lib/gcc/arm-none-eabi/5.4.1/armv7e-m/libgcc.a(_arm_cmpdf2.o)
 .bss           0x000000002000060e        0x0 /usr/local/Cellar/gcc-arm-none-eabi/20160928/bin/../lib/gcc/arm-none-eabi/5.4.1/armv7e-m/libgcc.a(_arm_fixdfsi.o)
 .bss           0x000000002000060e        0x0 /usr/local/Cellar/gcc-arm-none-eabi/20160928/bin/../lib/gcc/arm-none-eabi/5.4.1/armv7e-m/libgcc.a(_arm_addsubsf3.o)
 .bss           0x000000002000060e        0x0 /usr/local/Cellar/gcc-arm-none-eabi/20160928/bin/../lib/gcc/arm-none-eabi/5.4.1/armv7e-m/libgcc.a(_arm_muldivsf3.o)
 .bss           0x000000002000060e        0x0 /usr/local/Cellar/gcc-arm-none-eabi/20160928/bin/../lib/gcc/arm-none-eabi/5.4.1/armv7e-m/libgcc.a(_arm_fixsfsi.o)
 .bss           0x000000002000060e        0x0 /usr/local/Cellar/gcc-arm-none-eabi/20160928/bin/../lib/gcc/arm-none-eabi/5.4.1/armv7e-m/libgcc.a(_arm_fixunssfsi.o)
 .bss           0x000000002000060e        0x0 /usr/local/Cellar/gcc-arm-none-eabi/20160928/bin/../lib/gcc/arm-none-eabi/5.4.1/../../../../arm-none-eabi/lib/armv7e-m/libc.a(lib_a-exit.o)
 .bss           0x000000002000060e        0x0 /usr/local/Cellar/gcc-arm-none-eabi/20160928/bin/../lib/gcc/arm-none-eabi/5.4.1/../../../../arm-none-eabi/lib/armv7e-m/libc.a(lib_a-impure.o)
 .bss           0x000000002000060e        0x0 /usr/local/Cellar/gcc-arm-none-eabi/20160928/bin/../lib/gcc/arm-none-eabi/5.4.1/../../../../arm-none-eabi/lib/armv7e-m/libc.a(lib_a-init.o)
 .bss           0x000000002000060e        0x0 /usr/local/Cellar/gcc-arm-none-eabi/20160928/bin/../lib/gcc/arm-none-eabi/5.4.1/../../../../arm-none-eabi/lib/armv7e-m/libc.a(lib_a-memset.o)
 .bss           0x000000002000060e        0x0 /usr/local/Cellar/gcc-arm-none-eabi/20160928/bin/../lib/gcc/arm-none-eabi/5.4.1/../../../../arm-none-eabi/lib/armv7e-m/libc.a(lib_a-__call_atexit.o)
 .bss           0x000000002000060e        0x0 /usr/local/Cellar/gcc-arm-none-eabi/20160928/bin/../lib/gcc/arm-none-eabi/5.4.1/../../../../arm-none-eabi/lib/armv7e-m/libc.a(lib_a-atexit.o)
 .bss           0x000000002000060e        0x0 /usr/local/Cellar/gcc-arm-none-eabi/20160928/bin/../lib/gcc/arm-none-eabi/5.4.1/../../../../arm-none-eabi/lib/armv7e-m/libc.a(lib_a-fini.o)
 .bss           0x000000002000060e        0x0 /usr/local/Cellar/gcc-arm-none-eabi/20160928/bin/../lib/gcc/arm-none-eabi/5.4.1/../../../../arm-none-eabi/lib/armv7e-m/libc.a(lib_a-__atexit.o)
 .bss           0x000000002000060e        0x0 /usr/local/Cellar/gcc-arm-none-eabi/20160928/bin/../lib/gcc/arm-none-eabi/5.4.1/armv7e-m/crtend.o
 .bss           0x000000002000060e        0x0 /usr/local/Cellar/gcc-arm-none-eabi/20160928/bin/../lib/gcc/arm-none-eabi/5.4.1/armv7e-m/crtn.o
 *(COMMON)
 COMMON         0x000000002000060e        0x1 obj/Lib/Event.o
                0x000000002000060e                evts
 *fill*         0x000000002000060f        0x1 
 COMMON         0x0000000020000610        0x8 obj/Lib/STMPE811QTR.o
                0x0000000020000610                TS_State
 COMMON         0x0000000020000618       0x20 obj/Lib/Touch.o
                0x0000000020000618                touch_points
                0x000000002000062c                tcs
 COMMON         0x0000000020000638       0x3b obj/code.o
                0x0000000020000638                hblink
                0x000000002000063c                dwork
                0x0000000020000654                Subsystem_M
                0x000000002000065c                alarmactive
                0x0000000020000660                button
                0x0000000020000666                ringalarm
                0x0000000020000667                mblink
                0x0000000020000668                tick
                0x000000002000066c                prevZCSigState
 *fill*         0x0000000020000673        0x1 
 COMMON         0x0000000020000674       0x2c obj/eecfg.o
                0x0000000020000674                EE_terminate_data
                0x000000002000067c                EE_oo_counter_object_RAM
                0x000000002000069c                EE_ApplicationMode
 COMMON         0x00000000200006a0        0x8 libee.a(ee_hal_structs.o)
                0x00000000200006a0                EE_IRQ_nesting_level
                0x00000000200006a4                EE_std_endcycle_next_tid
 COMMON         0x00000000200006a8        0x8 libee.a(ee_lookup.o)
                0x00000000200006a8                EE_oo_IRQ_disable_count
                0x00000000200006ac                EE_oo_IRQ_suspend_status
                0x00000000200006b0                . = ALIGN (0x4)
                0x00000000200006b0                __bss_end__ = .

.heap           0x00000000200006b0      0x100
                0x00000000200006b0                __end__ = .
                0x00000000200006b0                end = __end__
 *(.heap*)
 .heap          0x00000000200006b0      0x100 obj/pkg/mcu/st_stm32_stm32f4xx/src/startup_stm32f4xx_gnu.o
                0x00000000200006b0                __HeapBase
                0x00000000200007b0                __HeapLimit = .

.stack_dummy    0x00000000200006b0      0xc00
 *(.stack*)
 .stack         0x00000000200006b0      0xc00 obj/pkg/mcu/st_stm32_stm32f4xx/src/startup_stm32f4xx_gnu.o
                0x0000000020020000                __StackTop = (ORIGIN (RAM) + LENGTH (RAM))
                0x000000002001f400                __StackLimit = (__StackTop - SIZEOF (.stack_dummy))
                0x0000000020020000                PROVIDE (__stack, __StackTop)
                0x0000000000000001                ASSERT ((__StackLimit >= __HeapLimit), region RAM overflowed with stack)
                0x0000000010000000                __CcmOrigin = ORIGIN (CCM)
                0x0000000000010000                __CcmLen = LENGTH (CCM)
START GROUP
LOAD /usr/local/Cellar/gcc-arm-none-eabi/20160928/bin/../lib/gcc/arm-none-eabi/5.4.1/armv7e-m/libgcc.a
LOAD /usr/local/Cellar/gcc-arm-none-eabi/20160928/bin/../lib/gcc/arm-none-eabi/5.4.1/../../../../arm-none-eabi/lib/armv7e-m/libg.a
LOAD /usr/local/Cellar/gcc-arm-none-eabi/20160928/bin/../lib/gcc/arm-none-eabi/5.4.1/../../../../arm-none-eabi/lib/armv7e-m/libc.a
END GROUP
LOAD /usr/local/Cellar/gcc-arm-none-eabi/20160928/bin/../lib/gcc/arm-none-eabi/5.4.1/armv7e-m/crtend.o
LOAD /usr/local/Cellar/gcc-arm-none-eabi/20160928/bin/../lib/gcc/arm-none-eabi/5.4.1/armv7e-m/crtn.o
OUTPUT(c_mX.elf elf32-littlearm)

.ARM.attributes
                0x0000000000000000       0x2a
 .ARM.attributes
                0x0000000000000000       0x1e /usr/local/Cellar/gcc-arm-none-eabi/20160928/bin/../lib/gcc/arm-none-eabi/5.4.1/armv7e-m/crti.o
 .ARM.attributes
                0x000000000000001e       0x2e /usr/local/Cellar/gcc-arm-none-eabi/20160928/bin/../lib/gcc/arm-none-eabi/5.4.1/armv7e-m/crtbegin.o
 .ARM.attributes
                0x000000000000004c       0x1c /usr/local/Cellar/gcc-arm-none-eabi/20160928/bin/../lib/gcc/arm-none-eabi/5.4.1/../../../../arm-none-eabi/lib/armv7e-m/crt0.o
 .ARM.attributes
                0x0000000000000068       0x33 obj/Assets/pictures.o
 .ARM.attributes
                0x000000000000009b       0x33 obj/GUI_manager.o
 .ARM.attributes
                0x00000000000000ce       0x33 obj/Lib/Event.o
 .ARM.attributes
                0x0000000000000101       0x33 obj/Lib/STMPE811QTR.o
 .ARM.attributes
                0x0000000000000134       0x33 obj/Lib/Touch.o
 .ARM.attributes
                0x0000000000000167       0x33 obj/Lib/Widget.o
 .ARM.attributes
                0x000000000000019a       0x33 obj/Lib/WidgetConfig.o
 .ARM.attributes
                0x00000000000001cd       0x33 obj/Simulink/Subsystem.o
 .ARM.attributes
                0x0000000000000200       0x33 obj/code.o
 .ARM.attributes
                0x0000000000000233       0x33 obj/eecfg.o
 .ARM.attributes
                0x0000000000000266       0x1c obj/pkg/mcu/st_stm32_stm32f4xx/src/startup_stm32f4xx_gnu.o
 .ARM.attributes
                0x0000000000000282       0x33 obj/pkg/mcu/st_stm32_stm32f4xx/src/system_stm32f4xx.o
 .ARM.attributes
                0x00000000000002b5       0x33 libee.a(ee_hal_structs.o)
 .ARM.attributes
                0x00000000000002e8       0x33 libee.a(ee_utils.o)
 .ARM.attributes
                0x000000000000031b       0x21 libee.a(ee_gnu_change_context_isr.o)
 .ARM.attributes
                0x000000000000033c       0x33 libee.a(ee_irqendin.o)
 .ARM.attributes
                0x000000000000036f       0x33 libee.a(ee_tstub.o)
 .ARM.attributes
                0x00000000000003a2       0x33 libee.a(ee_lookup.o)
 .ARM.attributes
                0x00000000000003d5       0x33 libee.a(ee_rq_exchg.o)
 .ARM.attributes
                0x0000000000000408       0x33 libee.a(ee_alsetrel.o)
 .ARM.attributes
                0x000000000000043b       0x33 libee.a(ee_altick.o)
 .ARM.attributes
                0x000000000000046e       0x33 libee.a(ee_context.o)
 .ARM.attributes
                0x00000000000004a1       0x21 libee.a(ee_gnu_oo.o)
 .ARM.attributes
                0x00000000000004c2       0x33 libee.a(ee_tnterm.o)
 .ARM.attributes
                0x00000000000004f5       0x33 libee.a(ee_rq_inser.o)
 .ARM.attributes
                0x0000000000000528       0x33 libee.a(ee_context.o)
 .ARM.attributes
                0x000000000000055b       0x33 libee.a(ee_thendin.o)
 .ARM.attributes
                0x000000000000058e       0x33 libstm32f4discovery.a(stm32f4_discovery_lcd.o)
 .ARM.attributes
                0x00000000000005c1       0x33 libstm32f4xxspd.a(stm32f4xx_dma.o)
 .ARM.attributes
                0x00000000000005f4       0x33 libstm32f4xxspd.a(stm32f4xx_fsmc.o)
 .ARM.attributes
                0x0000000000000627       0x33 libstm32f4xxspd.a(stm32f4xx_gpio.o)
 .ARM.attributes
                0x000000000000065a       0x33 libstm32f4xxspd.a(stm32f4xx_i2c.o)
 .ARM.attributes
                0x000000000000068d       0x33 libstm32f4xxspd.a(stm32f4xx_rcc.o)
 .ARM.attributes
                0x00000000000006c0       0x1e /usr/local/Cellar/gcc-arm-none-eabi/20160928/bin/../lib/gcc/arm-none-eabi/5.4.1/armv7e-m/libgcc.a(_arm_addsubdf3.o)
 .ARM.attributes
                0x00000000000006de       0x1e /usr/local/Cellar/gcc-arm-none-eabi/20160928/bin/../lib/gcc/arm-none-eabi/5.4.1/armv7e-m/libgcc.a(_arm_muldivdf3.o)
 .ARM.attributes
                0x00000000000006fc       0x1e /usr/local/Cellar/gcc-arm-none-eabi/20160928/bin/../lib/gcc/arm-none-eabi/5.4.1/armv7e-m/libgcc.a(_arm_cmpdf2.o)
 .ARM.attributes
                0x000000000000071a       0x1e /usr/local/Cellar/gcc-arm-none-eabi/20160928/bin/../lib/gcc/arm-none-eabi/5.4.1/armv7e-m/libgcc.a(_arm_fixdfsi.o)
 .ARM.attributes
                0x0000000000000738       0x1e /usr/local/Cellar/gcc-arm-none-eabi/20160928/bin/../lib/gcc/arm-none-eabi/5.4.1/armv7e-m/libgcc.a(_arm_addsubsf3.o)
 .ARM.attributes
                0x0000000000000756       0x1e /usr/local/Cellar/gcc-arm-none-eabi/20160928/bin/../lib/gcc/arm-none-eabi/5.4.1/armv7e-m/libgcc.a(_arm_muldivsf3.o)
 .ARM.attributes
                0x0000000000000774       0x1e /usr/local/Cellar/gcc-arm-none-eabi/20160928/bin/../lib/gcc/arm-none-eabi/5.4.1/armv7e-m/libgcc.a(_arm_fixsfsi.o)
 .ARM.attributes
                0x0000000000000792       0x1e /usr/local/Cellar/gcc-arm-none-eabi/20160928/bin/../lib/gcc/arm-none-eabi/5.4.1/armv7e-m/libgcc.a(_arm_fixunssfsi.o)
 .ARM.attributes
                0x00000000000007b0       0x2e /usr/local/Cellar/gcc-arm-none-eabi/20160928/bin/../lib/gcc/arm-none-eabi/5.4.1/../../../../arm-none-eabi/lib/armv7e-m/libc.a(lib_a-exit.o)
 .ARM.attributes
                0x00000000000007de       0x2e /usr/local/Cellar/gcc-arm-none-eabi/20160928/bin/../lib/gcc/arm-none-eabi/5.4.1/../../../../arm-none-eabi/lib/armv7e-m/libc.a(lib_a-impure.o)
 .ARM.attributes
                0x000000000000080c       0x2e /usr/local/Cellar/gcc-arm-none-eabi/20160928/bin/../lib/gcc/arm-none-eabi/5.4.1/../../../../arm-none-eabi/lib/armv7e-m/libc.a(lib_a-init.o)
 .ARM.attributes
                0x000000000000083a       0x2e /usr/local/Cellar/gcc-arm-none-eabi/20160928/bin/../lib/gcc/arm-none-eabi/5.4.1/../../../../arm-none-eabi/lib/armv7e-m/libc.a(lib_a-memset.o)
 .ARM.attributes
                0x0000000000000868       0x2e /usr/local/Cellar/gcc-arm-none-eabi/20160928/bin/../lib/gcc/arm-none-eabi/5.4.1/../../../../arm-none-eabi/lib/armv7e-m/libc.a(lib_a-__call_atexit.o)
 .ARM.attributes
                0x0000000000000896       0x2e /usr/local/Cellar/gcc-arm-none-eabi/20160928/bin/../lib/gcc/arm-none-eabi/5.4.1/../../../../arm-none-eabi/lib/armv7e-m/libc.a(lib_a-atexit.o)
 .ARM.attributes
                0x00000000000008c4       0x2e /usr/local/Cellar/gcc-arm-none-eabi/20160928/bin/../lib/gcc/arm-none-eabi/5.4.1/../../../../arm-none-eabi/lib/armv7e-m/libc.a(lib_a-fini.o)
 .ARM.attributes
                0x00000000000008f2       0x2e /usr/local/Cellar/gcc-arm-none-eabi/20160928/bin/../lib/gcc/arm-none-eabi/5.4.1/../../../../arm-none-eabi/lib/armv7e-m/libc.a(lib_a-__atexit.o)
 .ARM.attributes
                0x0000000000000920       0x2e /usr/local/Cellar/gcc-arm-none-eabi/20160928/bin/../lib/gcc/arm-none-eabi/5.4.1/armv7e-m/crtend.o
 .ARM.attributes
                0x000000000000094e       0x1e /usr/local/Cellar/gcc-arm-none-eabi/20160928/bin/../lib/gcc/arm-none-eabi/5.4.1/armv7e-m/crtn.o

.comment        0x0000000000000000       0x6e
 .comment       0x0000000000000000       0x6e obj/Assets/pictures.o
                                         0x6f (size before relaxing)
 .comment       0x000000000000006e       0x6f obj/GUI_manager.o
 .comment       0x000000000000006e       0x6f obj/Lib/Event.o
 .comment       0x000000000000006e       0x6f obj/Lib/STMPE811QTR.o
 .comment       0x000000000000006e       0x6f obj/Lib/Touch.o
 .comment       0x000000000000006e       0x6f obj/Lib/Widget.o
 .comment       0x000000000000006e       0x6f obj/Lib/WidgetConfig.o
 .comment       0x000000000000006e       0x6f obj/Simulink/Subsystem.o
 .comment       0x000000000000006e       0x6f obj/code.o
 .comment       0x000000000000006e       0x6f obj/eecfg.o
 .comment       0x000000000000006e       0x6f obj/pkg/mcu/st_stm32_stm32f4xx/src/system_stm32f4xx.o
 .comment       0x000000000000006e       0x6f libee.a(ee_hal_structs.o)
 .comment       0x000000000000006e       0x6f libee.a(ee_utils.o)
 .comment       0x000000000000006e       0x6f libee.a(ee_irqendin.o)
 .comment       0x000000000000006e       0x6f libee.a(ee_tstub.o)
 .comment       0x000000000000006e       0x6f libee.a(ee_lookup.o)
 .comment       0x000000000000006e       0x6f libee.a(ee_rq_exchg.o)
 .comment       0x000000000000006e       0x6f libee.a(ee_alsetrel.o)
 .comment       0x000000000000006e       0x6f libee.a(ee_altick.o)
 .comment       0x000000000000006e       0x6f libee.a(ee_context.o)
 .comment       0x000000000000006e       0x6f libee.a(ee_tnterm.o)
 .comment       0x000000000000006e       0x6f libee.a(ee_rq_inser.o)
 .comment       0x000000000000006e       0x6f libee.a(ee_context.o)
 .comment       0x000000000000006e       0x6f libee.a(ee_thendin.o)
 .comment       0x000000000000006e       0x6f libstm32f4discovery.a(stm32f4_discovery_lcd.o)
 .comment       0x000000000000006e       0x6f libstm32f4xxspd.a(stm32f4xx_dma.o)
 .comment       0x000000000000006e       0x6f libstm32f4xxspd.a(stm32f4xx_fsmc.o)
 .comment       0x000000000000006e       0x6f libstm32f4xxspd.a(stm32f4xx_gpio.o)
 .comment       0x000000000000006e       0x6f libstm32f4xxspd.a(stm32f4xx_i2c.o)
 .comment       0x000000000000006e       0x6f libstm32f4xxspd.a(stm32f4xx_rcc.o)

.debug_info     0x0000000000000000     0xc4a5
 .debug_info    0x0000000000000000      0x224 obj/Assets/pictures.o
 .debug_info    0x0000000000000224      0x54a obj/GUI_manager.o
 .debug_info    0x000000000000076e       0x41 obj/Lib/Event.o
 .debug_info    0x00000000000007af      0xd73 obj/Lib/STMPE811QTR.o
 .debug_info    0x0000000000001522      0x489 obj/Lib/Touch.o
 .debug_info    0x00000000000019ab      0x5d5 obj/Lib/Widget.o
 .debug_info    0x0000000000001f80      0x513 obj/Lib/WidgetConfig.o
 .debug_info    0x0000000000002493      0x84e obj/Simulink/Subsystem.o
 .debug_info    0x0000000000002ce1      0x818 obj/code.o
 .debug_info    0x00000000000034f9      0x5ba obj/eecfg.o
 .debug_info    0x0000000000003ab3       0xeb obj/pkg/mcu/st_stm32_stm32f4xx/src/startup_stm32f4xx_gnu.o
 .debug_info    0x0000000000003b9e      0x5c5 obj/pkg/mcu/st_stm32_stm32f4xx/src/system_stm32f4xx.o
 .debug_info    0x0000000000004163      0x3d1 libee.a(ee_hal_structs.o)
 .debug_info    0x0000000000004534      0x4a8 libee.a(ee_utils.o)
 .debug_info    0x00000000000049dc       0xea libee.a(ee_gnu_change_context_isr.o)
 .debug_info    0x0000000000004ac6      0x575 libee.a(ee_irqendin.o)
 .debug_info    0x000000000000503b      0x482 libee.a(ee_tstub.o)
 .debug_info    0x00000000000054bd      0x3d1 libee.a(ee_lookup.o)
 .debug_info    0x000000000000588e      0x3ed libee.a(ee_rq_exchg.o)
 .debug_info    0x0000000000005c7b      0x5c4 libee.a(ee_alsetrel.o)
 .debug_info    0x000000000000623f      0x9ee libee.a(ee_altick.o)
 .debug_info    0x0000000000006c2d      0x3e9 libee.a(ee_context.o)
 .debug_info    0x0000000000007016       0xda libee.a(ee_gnu_oo.o)
 .debug_info    0x00000000000070f0      0x438 libee.a(ee_tnterm.o)
 .debug_info    0x0000000000007528      0x40d libee.a(ee_rq_inser.o)
 .debug_info    0x0000000000007935      0x453 libee.a(ee_context.o)
 .debug_info    0x0000000000007d88      0x5ff libee.a(ee_thendin.o)
 .debug_info    0x0000000000008387     0x1360 libstm32f4discovery.a(stm32f4_discovery_lcd.o)
 .debug_info    0x00000000000096e7      0x741 libstm32f4xxspd.a(stm32f4xx_dma.o)
 .debug_info    0x0000000000009e28      0x8fd libstm32f4xxspd.a(stm32f4xx_fsmc.o)
 .debug_info    0x000000000000a725      0x61d libstm32f4xxspd.a(stm32f4xx_gpio.o)
 .debug_info    0x000000000000ad42      0xb00 libstm32f4xxspd.a(stm32f4xx_i2c.o)
 .debug_info    0x000000000000b842      0xc63 libstm32f4xxspd.a(stm32f4xx_rcc.o)

.debug_abbrev   0x0000000000000000     0x2ca2
 .debug_abbrev  0x0000000000000000       0x5f obj/Assets/pictures.o
 .debug_abbrev  0x000000000000005f      0x156 obj/GUI_manager.o
 .debug_abbrev  0x00000000000001b5       0x39 obj/Lib/Event.o
 .debug_abbrev  0x00000000000001ee      0x229 obj/Lib/STMPE811QTR.o
 .debug_abbrev  0x0000000000000417      0x16a obj/Lib/Touch.o
 .debug_abbrev  0x0000000000000581      0x16f obj/Lib/Widget.o
 .debug_abbrev  0x00000000000006f0       0xfa obj/Lib/WidgetConfig.o
 .debug_abbrev  0x00000000000007ea      0x173 obj/Simulink/Subsystem.o
 .debug_abbrev  0x000000000000095d      0x245 obj/code.o
 .debug_abbrev  0x0000000000000ba2      0x108 obj/eecfg.o
 .debug_abbrev  0x0000000000000caa       0x12 obj/pkg/mcu/st_stm32_stm32f4xx/src/startup_stm32f4xx_gnu.o
 .debug_abbrev  0x0000000000000cbc      0x138 obj/pkg/mcu/st_stm32_stm32f4xx/src/system_stm32f4xx.o
 .debug_abbrev  0x0000000000000df4      0x107 libee.a(ee_hal_structs.o)
 .debug_abbrev  0x0000000000000efb      0x1c7 libee.a(ee_utils.o)
 .debug_abbrev  0x00000000000010c2       0x14 libee.a(ee_gnu_change_context_isr.o)
 .debug_abbrev  0x00000000000010d6      0x1f4 libee.a(ee_irqendin.o)
 .debug_abbrev  0x00000000000012ca      0x16c libee.a(ee_tstub.o)
 .debug_abbrev  0x0000000000001436      0x107 libee.a(ee_lookup.o)
 .debug_abbrev  0x000000000000153d      0x121 libee.a(ee_rq_exchg.o)
 .debug_abbrev  0x000000000000165e      0x203 libee.a(ee_alsetrel.o)
 .debug_abbrev  0x0000000000001861      0x2eb libee.a(ee_altick.o)
 .debug_abbrev  0x0000000000001b4c      0x11f libee.a(ee_context.o)
 .debug_abbrev  0x0000000000001c6b       0x14 libee.a(ee_gnu_oo.o)
 .debug_abbrev  0x0000000000001c7f      0x17d libee.a(ee_tnterm.o)
 .debug_abbrev  0x0000000000001dfc      0x13d libee.a(ee_rq_inser.o)
 .debug_abbrev  0x0000000000001f39      0x16e libee.a(ee_context.o)
 .debug_abbrev  0x00000000000020a7      0x1e9 libee.a(ee_thendin.o)
 .debug_abbrev  0x0000000000002290      0x257 libstm32f4discovery.a(stm32f4_discovery_lcd.o)
 .debug_abbrev  0x00000000000024e7      0x157 libstm32f4xxspd.a(stm32f4xx_dma.o)
 .debug_abbrev  0x000000000000263e      0x172 libstm32f4xxspd.a(stm32f4xx_fsmc.o)
 .debug_abbrev  0x00000000000027b0      0x1a7 libstm32f4xxspd.a(stm32f4xx_gpio.o)
 .debug_abbrev  0x0000000000002957      0x166 libstm32f4xxspd.a(stm32f4xx_i2c.o)
 .debug_abbrev  0x0000000000002abd      0x1e5 libstm32f4xxspd.a(stm32f4xx_rcc.o)

.debug_aranges  0x0000000000000000      0x418
 .debug_aranges
                0x0000000000000000       0x18 obj/Assets/pictures.o
 .debug_aranges
                0x0000000000000018       0x20 obj/GUI_manager.o
 .debug_aranges
                0x0000000000000038       0x18 obj/Lib/Event.o
 .debug_aranges
                0x0000000000000050       0x20 obj/Lib/STMPE811QTR.o
 .debug_aranges
                0x0000000000000070       0x20 obj/Lib/Touch.o
 .debug_aranges
                0x0000000000000090       0x20 obj/Lib/Widget.o
 .debug_aranges
                0x00000000000000b0       0x18 obj/Lib/WidgetConfig.o
 .debug_aranges
                0x00000000000000c8       0x20 obj/Simulink/Subsystem.o
 .debug_aranges
                0x00000000000000e8       0x20 obj/code.o
 .debug_aranges
                0x0000000000000108       0x20 obj/eecfg.o
 .debug_aranges
                0x0000000000000128       0x30 obj/pkg/mcu/st_stm32_stm32f4xx/src/startup_stm32f4xx_gnu.o
 .debug_aranges
                0x0000000000000158       0x20 obj/pkg/mcu/st_stm32_stm32f4xx/src/system_stm32f4xx.o
 .debug_aranges
                0x0000000000000178       0x20 libee.a(ee_hal_structs.o)
 .debug_aranges
                0x0000000000000198       0x20 libee.a(ee_utils.o)
 .debug_aranges
                0x00000000000001b8       0x20 libee.a(ee_gnu_change_context_isr.o)
 .debug_aranges
                0x00000000000001d8       0x20 libee.a(ee_irqendin.o)
 .debug_aranges
                0x00000000000001f8       0x20 libee.a(ee_tstub.o)
 .debug_aranges
                0x0000000000000218       0x20 libee.a(ee_lookup.o)
 .debug_aranges
                0x0000000000000238       0x20 libee.a(ee_rq_exchg.o)
 .debug_aranges
                0x0000000000000258       0x20 libee.a(ee_alsetrel.o)
 .debug_aranges
                0x0000000000000278       0x20 libee.a(ee_altick.o)
 .debug_aranges
                0x0000000000000298       0x20 libee.a(ee_context.o)
 .debug_aranges
                0x00000000000002b8       0x20 libee.a(ee_gnu_oo.o)
 .debug_aranges
                0x00000000000002d8       0x20 libee.a(ee_tnterm.o)
 .debug_aranges
                0x00000000000002f8       0x20 libee.a(ee_rq_inser.o)
 .debug_aranges
                0x0000000000000318       0x20 libee.a(ee_context.o)
 .debug_aranges
                0x0000000000000338       0x20 libee.a(ee_thendin.o)
 .debug_aranges
                0x0000000000000358       0x20 libstm32f4discovery.a(stm32f4_discovery_lcd.o)
 .debug_aranges
                0x0000000000000378       0x20 libstm32f4xxspd.a(stm32f4xx_dma.o)
 .debug_aranges
                0x0000000000000398       0x20 libstm32f4xxspd.a(stm32f4xx_fsmc.o)
 .debug_aranges
                0x00000000000003b8       0x20 libstm32f4xxspd.a(stm32f4xx_gpio.o)
 .debug_aranges
                0x00000000000003d8       0x20 libstm32f4xxspd.a(stm32f4xx_i2c.o)
 .debug_aranges
                0x00000000000003f8       0x20 libstm32f4xxspd.a(stm32f4xx_rcc.o)

.debug_line     0x0000000000000000     0x5c9d
 .debug_line    0x0000000000000000       0x35 obj/Assets/pictures.o
 .debug_line    0x0000000000000035      0x253 obj/GUI_manager.o
 .debug_line    0x0000000000000288       0x3a obj/Lib/Event.o
 .debug_line    0x00000000000002c2      0x500 obj/Lib/STMPE811QTR.o
 .debug_line    0x00000000000007c2      0x22f obj/Lib/Touch.o
 .debug_line    0x00000000000009f1      0x22d obj/Lib/Widget.o
 .debug_line    0x0000000000000c1e      0x19f obj/Lib/WidgetConfig.o
 .debug_line    0x0000000000000dbd      0x49f obj/Simulink/Subsystem.o
 .debug_line    0x000000000000125c      0x526 obj/code.o
 .debug_line    0x0000000000001782      0x1c2 obj/eecfg.o
 .debug_line    0x0000000000001944       0xf3 obj/pkg/mcu/st_stm32_stm32f4xx/src/startup_stm32f4xx_gnu.o
 .debug_line    0x0000000000001a37      0x2be obj/pkg/mcu/st_stm32_stm32f4xx/src/system_stm32f4xx.o
 .debug_line    0x0000000000001cf5      0x209 libee.a(ee_hal_structs.o)
 .debug_line    0x0000000000001efe      0x24b libee.a(ee_utils.o)
 .debug_line    0x0000000000002149       0xf2 libee.a(ee_gnu_change_context_isr.o)
 .debug_line    0x000000000000223b      0x290 libee.a(ee_irqendin.o)
 .debug_line    0x00000000000024cb      0x24d libee.a(ee_tstub.o)
 .debug_line    0x0000000000002718      0x226 libee.a(ee_lookup.o)
 .debug_line    0x000000000000293e      0x234 libee.a(ee_rq_exchg.o)
 .debug_line    0x0000000000002b72      0x311 libee.a(ee_alsetrel.o)
 .debug_line    0x0000000000002e83      0x3de libee.a(ee_altick.o)
 .debug_line    0x0000000000003261      0x23c libee.a(ee_context.o)
 .debug_line    0x000000000000349d       0xdc libee.a(ee_gnu_oo.o)
 .debug_line    0x0000000000003579      0x254 libee.a(ee_tnterm.o)
 .debug_line    0x00000000000037cd      0x241 libee.a(ee_rq_inser.o)
 .debug_line    0x0000000000003a0e      0x248 libee.a(ee_context.o)
 .debug_line    0x0000000000003c56      0x2aa libee.a(ee_thendin.o)
 .debug_line    0x0000000000003f00      0x82c libstm32f4discovery.a(stm32f4_discovery_lcd.o)
 .debug_line    0x000000000000472c      0x44b libstm32f4xxspd.a(stm32f4xx_dma.o)
 .debug_line    0x0000000000004b77      0x4a4 libstm32f4xxspd.a(stm32f4xx_fsmc.o)
 .debug_line    0x000000000000501b      0x3b9 libstm32f4xxspd.a(stm32f4xx_gpio.o)
 .debug_line    0x00000000000053d4      0x44c libstm32f4xxspd.a(stm32f4xx_i2c.o)
 .debug_line    0x0000000000005820      0x47d libstm32f4xxspd.a(stm32f4xx_rcc.o)

.debug_str      0x0000000000000000     0x3ef6
 .debug_str     0x0000000000000000      0x1db obj/Assets/pictures.o
 .debug_str     0x00000000000001db      0x276 obj/GUI_manager.o
                                        0x3e5 (size before relaxing)
 .debug_str     0x0000000000000451       0x1b obj/Lib/Event.o
                                         0xe8 (size before relaxing)
 .debug_str     0x000000000000046c      0x70d obj/Lib/STMPE811QTR.o
                                        0x8c2 (size before relaxing)
 .debug_str     0x0000000000000b79       0xff obj/Lib/Touch.o
                                        0x2cf (size before relaxing)
 .debug_str     0x0000000000000c78      0x114 obj/Lib/Widget.o
                                        0x327 (size before relaxing)
 .debug_str     0x0000000000000d8c       0x9e obj/Lib/WidgetConfig.o
                                        0x3f7 (size before relaxing)
 .debug_str     0x0000000000000e2a      0x38a obj/Simulink/Subsystem.o
                                        0x530 (size before relaxing)
 .debug_str     0x00000000000011b4      0x294 obj/code.o
                                        0x656 (size before relaxing)
 .debug_str     0x0000000000001448      0x346 obj/eecfg.o
                                        0x5a5 (size before relaxing)
 .debug_str     0x000000000000178e      0x20e obj/pkg/mcu/st_stm32_stm32f4xx/src/system_stm32f4xx.o
                                        0x3e5 (size before relaxing)
 .debug_str     0x000000000000199c       0x72 libee.a(ee_hal_structs.o)
                                        0x465 (size before relaxing)
 .debug_str     0x0000000000001a0e       0xdc libee.a(ee_utils.o)
                                        0x4cf (size before relaxing)
 .debug_str     0x0000000000001aea      0x26d libee.a(ee_irqendin.o)
                                        0x660 (size before relaxing)
 .debug_str     0x0000000000001d57       0x99 libee.a(ee_tstub.o)
                                        0x590 (size before relaxing)
 .debug_str     0x0000000000001df0       0x6c libee.a(ee_lookup.o)
                                        0x45f (size before relaxing)
 .debug_str     0x0000000000001e5c       0x81 libee.a(ee_rq_exchg.o)
                                        0x479 (size before relaxing)
 .debug_str     0x0000000000001edd      0x180 libee.a(ee_alsetrel.o)
                                        0x5ae (size before relaxing)
 .debug_str     0x000000000000205d      0x20e libee.a(ee_altick.o)
                                        0x857 (size before relaxing)
 .debug_str     0x000000000000226b       0x8d libee.a(ee_context.o)
                                        0x480 (size before relaxing)
 .debug_str     0x00000000000022f8       0x97 libee.a(ee_tnterm.o)
                                        0x4bc (size before relaxing)
 .debug_str     0x000000000000238f       0x7b libee.a(ee_rq_inser.o)
                                        0x473 (size before relaxing)
 .debug_str     0x000000000000240a       0x94 libee.a(ee_context.o)
                                        0x4c8 (size before relaxing)
 .debug_str     0x000000000000249e       0xca libee.a(ee_thendin.o)
                                        0x6ac (size before relaxing)
 .debug_str     0x0000000000002568      0x794 libstm32f4discovery.a(stm32f4_discovery_lcd.o)
                                        0xb69 (size before relaxing)
 .debug_str     0x0000000000002cfc      0x2be libstm32f4xxspd.a(stm32f4xx_dma.o)
                                        0x582 (size before relaxing)
 .debug_str     0x0000000000002fba      0x437 libstm32f4xxspd.a(stm32f4xx_fsmc.o)
                                        0x7ca (size before relaxing)
 .debug_str     0x00000000000033f1      0x1dd libstm32f4xxspd.a(stm32f4xx_gpio.o)
                                        0x4e3 (size before relaxing)
 .debug_str     0x00000000000035ce      0x3ec libstm32f4xxspd.a(stm32f4xx_i2c.o)
                                        0x6a5 (size before relaxing)
 .debug_str     0x00000000000039ba      0x53c libstm32f4xxspd.a(stm32f4xx_rcc.o)
                                        0x890 (size before relaxing)

.debug_frame    0x0000000000000000     0x30e0
 .debug_frame   0x0000000000000000      0x228 obj/GUI_manager.o
 .debug_frame   0x0000000000000228      0x41c obj/Lib/STMPE811QTR.o
 .debug_frame   0x0000000000000644      0x148 obj/Lib/Touch.o
 .debug_frame   0x000000000000078c      0x194 obj/Lib/Widget.o
 .debug_frame   0x0000000000000920      0x124 obj/Simulink/Subsystem.o
 .debug_frame   0x0000000000000a44      0x128 obj/code.o
 .debug_frame   0x0000000000000b6c       0x60 obj/eecfg.o
 .debug_frame   0x0000000000000bcc       0x7c obj/pkg/mcu/st_stm32_stm32f4xx/src/system_stm32f4xx.o
 .debug_frame   0x0000000000000c48       0x60 libee.a(ee_hal_structs.o)
 .debug_frame   0x0000000000000ca8       0x88 libee.a(ee_utils.o)
 .debug_frame   0x0000000000000d30       0xcc libee.a(ee_irqendin.o)
 .debug_frame   0x0000000000000dfc       0x88 libee.a(ee_tstub.o)
 .debug_frame   0x0000000000000e84       0x60 libee.a(ee_lookup.o)
 .debug_frame   0x0000000000000ee4       0x88 libee.a(ee_rq_exchg.o)
 .debug_frame   0x0000000000000f6c       0x88 libee.a(ee_alsetrel.o)
 .debug_frame   0x0000000000000ff4      0x17c libee.a(ee_altick.o)
 .debug_frame   0x0000000000001170       0x84 libee.a(ee_context.o)
 .debug_frame   0x00000000000011f4       0x80 libee.a(ee_tnterm.o)
 .debug_frame   0x0000000000001274       0x88 libee.a(ee_rq_inser.o)
 .debug_frame   0x00000000000012fc       0x84 libee.a(ee_context.o)
 .debug_frame   0x0000000000001380       0xa8 libee.a(ee_thendin.o)
 .debug_frame   0x0000000000001428      0x710 libstm32f4discovery.a(stm32f4_discovery_lcd.o)
 .debug_frame   0x0000000000001b38      0x308 libstm32f4xxspd.a(stm32f4xx_dma.o)
 .debug_frame   0x0000000000001e40      0x300 libstm32f4xxspd.a(stm32f4xx_fsmc.o)
 .debug_frame   0x0000000000002140      0x23c libstm32f4xxspd.a(stm32f4xx_gpio.o)
 .debug_frame   0x000000000000237c      0x530 libstm32f4xxspd.a(stm32f4xx_i2c.o)
 .debug_frame   0x00000000000028ac      0x6d4 libstm32f4xxspd.a(stm32f4xx_rcc.o)
 .debug_frame   0x0000000000002f80       0x28 /usr/local/Cellar/gcc-arm-none-eabi/20160928/bin/../lib/gcc/arm-none-eabi/5.4.1/../../../../arm-none-eabi/lib/armv7e-m/libc.a(lib_a-exit.o)
 .debug_frame   0x0000000000002fa8       0x2c /usr/local/Cellar/gcc-arm-none-eabi/20160928/bin/../lib/gcc/arm-none-eabi/5.4.1/../../../../arm-none-eabi/lib/armv7e-m/libc.a(lib_a-init.o)
 .debug_frame   0x0000000000002fd4       0x34 /usr/local/Cellar/gcc-arm-none-eabi/20160928/bin/../lib/gcc/arm-none-eabi/5.4.1/../../../../arm-none-eabi/lib/armv7e-m/libc.a(lib_a-memset.o)
 .debug_frame   0x0000000000003008       0x50 /usr/local/Cellar/gcc-arm-none-eabi/20160928/bin/../lib/gcc/arm-none-eabi/5.4.1/../../../../arm-none-eabi/lib/armv7e-m/libc.a(lib_a-__call_atexit.o)
 .debug_frame   0x0000000000003058       0x20 /usr/local/Cellar/gcc-arm-none-eabi/20160928/bin/../lib/gcc/arm-none-eabi/5.4.1/../../../../arm-none-eabi/lib/armv7e-m/libc.a(lib_a-atexit.o)
 .debug_frame   0x0000000000003078       0x34 /usr/local/Cellar/gcc-arm-none-eabi/20160928/bin/../lib/gcc/arm-none-eabi/5.4.1/../../../../arm-none-eabi/lib/armv7e-m/libc.a(lib_a-fini.o)
 .debug_frame   0x00000000000030ac       0x34 /usr/local/Cellar/gcc-arm-none-eabi/20160928/bin/../lib/gcc/arm-none-eabi/5.4.1/../../../../arm-none-eabi/lib/armv7e-m/libc.a(lib_a-__atexit.o)

.debug_ranges   0x0000000000000000       0x28
 .debug_ranges  0x0000000000000000       0x28 obj/pkg/mcu/st_stm32_stm32f4xx/src/startup_stm32f4xx_gnu.o
